Archive member included to satisfy reference by file (symbol)

c:/arm/bin/../lib/gcc/arm-none-eabi/7.2.1/../../../../arm-none-eabi/lib/thumb/v7-m\libc.a(lib_a-abort.o)
                              system_hooks.o (abort)
c:/arm/bin/../lib/gcc/arm-none-eabi/7.2.1/../../../../arm-none-eabi/lib/thumb/v7-m\libc.a(lib_a-fopen.o)
                              ramlog.o (fopen)
c:/arm/bin/../lib/gcc/arm-none-eabi/7.2.1/../../../../arm-none-eabi/lib/thumb/v7-m\libc.a(lib_a-fseek.o)
                              c:/arm/bin/../lib/gcc/arm-none-eabi/7.2.1/../../../../arm-none-eabi/lib/thumb/v7-m\libc.a(lib_a-fopen.o) (_fseek_r)
c:/arm/bin/../lib/gcc/arm-none-eabi/7.2.1/../../../../arm-none-eabi/lib/thumb/v7-m\libc.a(lib_a-fseeko.o)
                              c:/arm/bin/../lib/gcc/arm-none-eabi/7.2.1/../../../../arm-none-eabi/lib/thumb/v7-m\libc.a(lib_a-fseek.o) (_fseeko_r)
c:/arm/bin/../lib/gcc/arm-none-eabi/7.2.1/../../../../arm-none-eabi/lib/thumb/v7-m\libc.a(lib_a-fstatr.o)
                              c:/arm/bin/../lib/gcc/arm-none-eabi/7.2.1/../../../../arm-none-eabi/lib/thumb/v7-m\libc.a(lib_a-fseeko.o) (_fstat_r)
c:/arm/bin/../lib/gcc/arm-none-eabi/7.2.1/../../../../arm-none-eabi/lib/thumb/v7-m\libc.a(lib_a-impure.o)
                              c:/arm/bin/../lib/gcc/arm-none-eabi/7.2.1/../../../../arm-none-eabi/lib/thumb/v7-m\libc.a(lib_a-fopen.o) (_impure_ptr)
c:/arm/bin/../lib/gcc/arm-none-eabi/7.2.1/../../../../arm-none-eabi/lib/thumb/v7-m\libc.a(lib_a-lock.o)
                              c:/arm/bin/../lib/gcc/arm-none-eabi/7.2.1/../../../../arm-none-eabi/lib/thumb/v7-m\libc.a(lib_a-fopen.o) (__retarget_lock_close_recursive)
c:/arm/bin/../lib/gcc/arm-none-eabi/7.2.1/../../../../arm-none-eabi/lib/thumb/v7-m\libc.a(lib_a-makebuf.o)
                              c:/arm/bin/../lib/gcc/arm-none-eabi/7.2.1/../../../../arm-none-eabi/lib/thumb/v7-m\libc.a(lib_a-fseeko.o) (__smakebuf_r)
c:/arm/bin/../lib/gcc/arm-none-eabi/7.2.1/../../../../arm-none-eabi/lib/thumb/v7-m\libc.a(lib_a-malloc.o)
                              cirq_buffer.o (malloc)
c:/arm/bin/../lib/gcc/arm-none-eabi/7.2.1/../../../../arm-none-eabi/lib/thumb/v7-m\libc.a(lib_a-mallocr.o)
                              c:/arm/bin/../lib/gcc/arm-none-eabi/7.2.1/../../../../arm-none-eabi/lib/thumb/v7-m\libc.a(lib_a-makebuf.o) (_malloc_r)
c:/arm/bin/../lib/gcc/arm-none-eabi/7.2.1/../../../../arm-none-eabi/lib/thumb/v7-m\libc.a(lib_a-memcpy.o)
                              cirq_buffer.o (memcpy)
c:/arm/bin/../lib/gcc/arm-none-eabi/7.2.1/../../../../arm-none-eabi/lib/thumb/v7-m\libc.a(lib_a-memset.o)
                              Mcu.o (memset)
c:/arm/bin/../lib/gcc/arm-none-eabi/7.2.1/../../../../arm-none-eabi/lib/thumb/v7-m\libc.a(lib_a-mlock.o)
                              c:/arm/bin/../lib/gcc/arm-none-eabi/7.2.1/../../../../arm-none-eabi/lib/thumb/v7-m\libc.a(lib_a-mallocr.o) (__malloc_lock)
c:/arm/bin/../lib/gcc/arm-none-eabi/7.2.1/../../../../arm-none-eabi/lib/thumb/v7-m\libc.a(lib_a-openr.o)
                              c:/arm/bin/../lib/gcc/arm-none-eabi/7.2.1/../../../../arm-none-eabi/lib/thumb/v7-m\libc.a(lib_a-fopen.o) (_open_r)
c:/arm/bin/../lib/gcc/arm-none-eabi/7.2.1/../../../../arm-none-eabi/lib/thumb/v7-m\libc.a(lib_a-reent.o)
                              clib_port.o (errno)
c:/arm/bin/../lib/gcc/arm-none-eabi/7.2.1/../../../../arm-none-eabi/lib/thumb/v7-m\libc.a(lib_a-refill.o)
                              c:/arm/bin/../lib/gcc/arm-none-eabi/7.2.1/../../../../arm-none-eabi/lib/thumb/v7-m\libc.a(lib_a-fseeko.o) (__srefill_r)
c:/arm/bin/../lib/gcc/arm-none-eabi/7.2.1/../../../../arm-none-eabi/lib/thumb/v7-m\libc.a(lib_a-sbrkr.o)
                              c:/arm/bin/../lib/gcc/arm-none-eabi/7.2.1/../../../../arm-none-eabi/lib/thumb/v7-m\libc.a(lib_a-mallocr.o) (_sbrk_r)
c:/arm/bin/../lib/gcc/arm-none-eabi/7.2.1/../../../../arm-none-eabi/lib/thumb/v7-m\libc.a(lib_a-signal.o)
                              c:/arm/bin/../lib/gcc/arm-none-eabi/7.2.1/../../../../arm-none-eabi/lib/thumb/v7-m\libc.a(lib_a-abort.o) (raise)
c:/arm/bin/../lib/gcc/arm-none-eabi/7.2.1/../../../../arm-none-eabi/lib/thumb/v7-m\libc.a(lib_a-signalr.o)
                              c:/arm/bin/../lib/gcc/arm-none-eabi/7.2.1/../../../../arm-none-eabi/lib/thumb/v7-m\libc.a(lib_a-signal.o) (_kill_r)
c:/arm/bin/../lib/gcc/arm-none-eabi/7.2.1/../../../../arm-none-eabi/lib/thumb/v7-m\libc.a(lib_a-stdio.o)
                              c:/arm/bin/../lib/gcc/arm-none-eabi/7.2.1/../../../../arm-none-eabi/lib/thumb/v7-m\libc.a(lib_a-fopen.o) (__sread)
c:/arm/bin/../lib/gcc/arm-none-eabi/7.2.1/../../../../arm-none-eabi/lib/thumb/v7-m\libc.a(lib_a-strcmp.o)
                              clib_port.o (strcmp)
c:/arm/bin/../lib/gcc/arm-none-eabi/7.2.1/../../../../arm-none-eabi/lib/thumb/v7-m\libc.a(lib_a-strcpy.o)
                              resource.o (strcpy)
c:/arm/bin/../lib/gcc/arm-none-eabi/7.2.1/../../../../arm-none-eabi/lib/thumb/v7-m\libc.a(lib_a-strlen-stub.o)
[...]
Memory Configuration

Name             Origin             Length             Attributes
RAM              0x20000000         0x00010000         xrw
FLASH            0x08000000         0x00010000         xr
*default*        0x00000000         0xffffffff

Linker script and memory map

                0x20010000                _estack = (ORIGIN (RAM) + LENGTH (RAM))
                0x00000400                _Min_Heap_Size = 0x400
                0x00001000                _Min_Stack_Size = 0x1000

.isr_vector     0x08000000      0x18c
                0x08000000                . = ALIGN (0x4)
 *(.isr_vector)
 .isr_vector    0x08000000      0x18c startup_stm32f10x.o
                0x08000000                g_pfnVectors
                0x0800018c                . = ALIGN (0x4)

.text           0x0800018c     0x9594
                0x0800018c                . = ALIGN (0x4)
 *(.text)
 .text          0x0800018c        0x0 os_simple.o
 .text          0x0800018c        0x0 system_hooks.o
 .text          0x0800018c        0x0 core_cm3.o
 .text          0x0800018c       0x14 startup_stm32f10x.o
 .text          0x080001a0        0x0 stm32f10x_rcc.o
 .text          0x080001a0        0x0 Os_Cfg.o
 .text          0x080001a0        0x0 EcuM.o
 .text          0x080001a0        0x0 EcuM_Main.o
 .text          0x080001a0        0x0 EcuM_PBcfg.o
 .text          0x080001a0        0x0 EcuM_Callout_Stubs.o
 .text          0x080001a0        0x0 Mcu.o
 .text          0x080001a0        0x0 Mcu_Cfg.o
 .text          0x080001a0       0xc8 arch_krn.o
                0x080001a0                SVC_Handler
                0x080001a4                PendSV_Handler
                0x080001c4                Irq_Handler
                0x08000200                Irq_EOI2
                0x08000212                Os_ArchSetSpAndCall
                0x0800021c                Os_ArchSwapContext
                0x08000230                Os_ArchSwapContextTo
 .text          0x08000268        0x0 event.o
 .text          0x08000268        0x0 init.o
 .text          0x08000268        0x0 arch.o
 .text          0x08000268        0x0 task.o
 .text          0x08000268        0x0 resource.o
 .text          0x08000268        0x0 alarm.o
 .text          0x08000268        0x0 sched_table.o
 .text          0x08000268        0x0 counter.o
 .text          0x08000268        0x0 sys_tick.o
 .text          0x08000268        0x0 isr.o
 .text          0x08000268        0x0 os_arctest.o
 .text          0x08000268        0x0 application.o
 .text          0x08000268        0x0 irq.o
 .text          0x08000268        0x0 Det.o
 .text          0x08000268        0x0 ramlog.o
 .text          0x08000268        0x0 cirq_buffer.o
 .text          0x08000268        0x0 clib_port.o
 .text          0x08000268        0x0 clib.o
 .text          0x08000268        0x0 printf.o
 .text          0x08000268        0x0 xtoa.o
 .text          0x08000268        0x0 c:/arm/bin/../lib/gcc/arm-none-eabi/7.2.1/../../../../arm-none-eabi/lib/thumb/v7-m\libc.a(lib_a-abort.o)
 .text          0x08000268        0x0 c:/arm/bin/../lib/gcc/arm-none-eabi/7.2.1/../../../../arm-none-eabi/lib/thumb/v7-m\libc.a(lib_a-fopen.o)
 .text          0x08000268        0x0 c:/arm/bin/../lib/gcc/arm-none-eabi/7.2.1/../../../../arm-none-eabi/lib/thumb/v7-m\libc.a(lib_a-fseek.o)
 .text          0x08000268        0x0 c:/arm/bin/../lib/gcc/arm-none-eabi/7.2.1/../../../../arm-none-eabi/lib/thumb/v7-m\libc.a(lib_a-fseeko.o)
 .text          0x08000268        0x0 c:/arm/bin/../lib/gcc/arm-none-eabi/7.2.1/../../../../arm-none-eabi/lib/thumb/v7-m\libc.a(lib_a-fstatr.o)
 .text          0x08000268        0x0 c:/arm/bin/../lib/gcc/arm-none-eabi/7.2.1/../../../../arm-none-eabi/lib/thumb/v7-m\libc.a(lib_a-impure.o)
 .text          0x08000268        0x0 c:/arm/bin/../lib/gcc/arm-none-eabi/7.2.1/../../../../arm-none-eabi/lib/thumb/v7-m\libc.a(lib_a-lock.o)
 .text          0x08000268        0x0 c:/arm/bin/../lib/gcc/arm-none-eabi/7.2.1/../../../../arm-none-eabi/lib/thumb/v7-m\libc.a(lib_a-makebuf.o)
 .text          0x08000268        0x0 c:/arm/bin/../lib/gcc/arm-none-eabi/7.2.1/../../../../arm-none-eabi/lib/thumb/v7-m\libc.a(lib_a-malloc.o)
 .text          0x08000268        0x0 c:/arm/bin/../lib/gcc/arm-none-eabi/7.2.1/../../../../arm-none-eabi/lib/thumb/v7-m\libc.a(lib_a-mallocr.o)
 .text          0x08000268       0xec c:/arm/bin/../lib/gcc/arm-none-eabi/7.2.1/../../../../arm-none-eabi/lib/thumb/v7-m\libc.a(lib_a-memcpy.o)
                0x08000268                memcpy
 .text          0x08000354        0x0 c:/arm/bin/../lib/gcc/arm-none-eabi/7.2.1/../../../../arm-none-eabi/lib/thumb/v7-m\libc.a(lib_a-memset.o)
 .text          0x08000354        0x0 c:/arm/bin/../lib/gcc/arm-none-eabi/7.2.1/../../../../arm-none-eabi/lib/thumb/v7-m\libc.a(lib_a-mlock.o)
 .text          0x08000354        0x0 c:/arm/bin/../lib/gcc/arm-none-eabi/7.2.1/../../../../arm-none-eabi/lib/thumb/v7-m\libc.a(lib_a-openr.o)
 .text          0x08000354        0x0 c:/arm/bin/../lib/gcc/arm-none-eabi/7.2.1/../../../../arm-none-eabi/lib/thumb/v7-m\libc.a(lib_a-reent.o)
 .text          0x08000354        0x0 c:/arm/bin/../lib/gcc/arm-none-eabi/7.2.1/../../../../arm-none-eabi/lib/thumb/v7-m\libc.a(lib_a-refill.o)
 .text          0x08000354        0x0 c:/arm/bin/../lib/gcc/arm-none-eabi/7.2.1/../../../../arm-none-eabi/lib/thumb/v7-m\libc.a(lib_a-sbrkr.o)
 .text          0x08000354        0x0 c:/arm/bin/../lib/gcc/arm-none-eabi/7.2.1/../../../../arm-none-eabi/lib/thumb/v7-m\libc.a(lib_a-signal.o)
 .text          0x08000354        0x0 c:/arm/bin/../lib/gcc/arm-none-eabi/7.2.1/../../../../arm-none-eabi/lib/thumb/v7-m\libc.a(lib_a-signalr.o)
 .text          0x08000354        0x0 c:/arm/bin/../lib/gcc/arm-none-eabi/7.2.1/../../../../arm-none-eabi/lib/thumb/v7-m\libc.a(lib_a-stdio.o)
 .text          0x08000354      0x1bc c:/arm/bin/../lib/gcc/arm-none-eabi/7.2.1/../../../../arm-none-eabi/lib/thumb/v7-m\libc.a(lib_a-strcmp.o)
                0x08000354                strcmp
 .text          0x08000510        0x0 c:/arm/bin/../lib/gcc/arm-none-eabi/7.2.1/../../../../arm-none-eabi/lib/thumb/v7-m\libc.a(lib_a-strcpy.o)
 .text          0x08000510        0x0 c:/arm/bin/../lib/gcc/arm-none-eabi/7.2.1/../../../../arm-none-eabi/lib/thumb/v7-m\libc.a(lib_a-strlen-stub.o)
 .text          0x08000510        0x0 c:/arm/bin/../lib/gcc/arm-none-eabi/7.2.1/../../../../arm-none-eabi/lib/thumb/v7-m\libc.a(lib_a-strncpy.o)
 .text          0x08000510        0x0 c:/arm/bin/../lib/gcc/arm-none-eabi/7.2.1/../../../../arm-none-eabi/lib/thumb/v7-m\libc.a(lib_a-strtoul.o)
 .text          0x08000510        0x0 c:/arm/bin/../lib/gcc/arm-none-eabi/7.2.1/../../../../arm-none-eabi/lib/thumb/v7-m\libc.a(lib_a-sysread.o)
 .text          0x08000510        0x0 c:/arm/bin/../lib/gcc/arm-none-eabi/7.2.1/../../../../arm-none-eabi/lib/thumb/v7-m\libc.a(lib_a-syswrite.o)
 .text          0x08000510        0x0 c:/arm/bin/../lib/gcc/arm-none-eabi/7.2.1/../../../../arm-none-eabi/lib/thumb/v7-m\libc.a(lib_a-writer.o)
 .text          0x08000510        0x0 c:/arm/bin/../lib/gcc/arm-none-eabi/7.2.1/../../../../arm-none-eabi/lib/thumb/v7-m\libc.a(lib_a-closer.o)
 .text          0x08000510        0x0 c:/arm/bin/../lib/gcc/arm-none-eabi/7.2.1/../../../../arm-none-eabi/lib/thumb/v7-m\libc.a(lib_a-fflush.o)
 .text          0x08000510        0x0 c:/arm/bin/../lib/gcc/arm-none-eabi/7.2.1/../../../../arm-none-eabi/lib/thumb/v7-m\libc.a(lib_a-findfp.o)
 .text          0x08000510        0x0 c:/arm/bin/../lib/gcc/arm-none-eabi/7.2.1/../../../../arm-none-eabi/lib/thumb/v7-m\libc.a(lib_a-flags.o)
 .text          0x08000510        0x0 c:/arm/bin/../lib/gcc/arm-none-eabi/7.2.1/../../../../arm-none-eabi/lib/thumb/v7-m\libc.a(lib_a-freer.o)
 .text          0x08000510        0x0 c:/arm/bin/../lib/gcc/arm-none-eabi/7.2.1/../../../../arm-none-eabi/lib/thumb/v7-m\libc.a(lib_a-fwalk.o)
 .text          0x08000510        0x0 c:/arm/bin/../lib/gcc/arm-none-eabi/7.2.1/../../../../arm-none-eabi/lib/thumb/v7-m\libc.a(lib_a-isattyr.o)
 .text          0x08000510        0x0 c:/arm/bin/../lib/gcc/arm-none-eabi/7.2.1/../../../../arm-none-eabi/lib/thumb/v7-m\libc.a(lib_a-locale.o)
 .text          0x08000510        0x0 c:/arm/bin/../lib/gcc/arm-none-eabi/7.2.1/../../../../arm-none-eabi/lib/thumb/v7-m\libc.a(lib_a-lseekr.o)
 .text          0x08000510        0x0 c:/arm/bin/../lib/gcc/arm-none-eabi/7.2.1/../../../../arm-none-eabi/lib/thumb/v7-m\libc.a(lib_a-mbtowc_r.o)
 .text          0x08000510        0x0 c:/arm/bin/../lib/gcc/arm-none-eabi/7.2.1/../../../../arm-none-eabi/lib/thumb/v7-m\libc.a(lib_a-readr.o)
 .text          0x08000510        0x0 c:/arm/bin/../lib/gcc/arm-none-eabi/7.2.1/../../../../arm-none-eabi/lib/thumb/v7-m\libc.a(lib_a-wctomb_r.o)
 .text          0x08000510        0x0 c:/arm/bin/../lib/gcc/arm-none-eabi/7.2.1/../../../../arm-none-eabi/lib/thumb/v7-m\libc.a(lib_a-ctype_.o)
 .text          0x08000510        0x0 c:/arm/bin/../lib/gcc/arm-none-eabi/7.2.1/../../../../arm-none-eabi/lib/thumb/v7-m\libc.a(lib_a-fclose.o)
 *(.text*)
 .text.SystemInit
                0x08000510       0xd8 os_simple.o
                0x08000510                SystemInit
 .text._sbrk    0x080005e8       0x64 os_simple.o
                0x080005e8                _sbrk
 .text.bTask3   0x0800064c       0x26 os_simple.o
                0x0800064c                bTask3
 .text.eTask1   0x08000672       0x28 os_simple.o
                0x08000672                eTask1
 .text.eTask2   0x0800069a       0x18 os_simple.o
                0x0800069a                eTask2
 .text.OsIdle   0x080006b2        0x6 os_simple.o
                0x080006b2                OsIdle
 .text.OSErrorGetServiceId
                0x080006b8       0x14 system_hooks.o
 .text.ProtectionHook
                0x080006cc       0x20 system_hooks.o
                0x080006cc                ProtectionHook
 .text.StartupHook
                0x080006ec       0x14 system_hooks.o
                0x080006ec                StartupHook
 .text.ShutdownHook
                0x08000700        0xc system_hooks.o
                0x08000700                ShutdownHook
 .text.ErrorHook
                0x0800070c       0xd0 system_hooks.o
                0x0800070c                ErrorHook
 .text.PreTaskHook
                0x080007dc       0x48 system_hooks.o
                0x080007dc                PreTaskHook
 .text.PostTaskHook
                0x08000824       0x48 system_hooks.o
                0x08000824                PostTaskHook
 .text.__get_PSP
                0x0800086c       0x10 core_cm3.o
                0x0800086c                __get_PSP
 .text.__set_PSP
                0x0800087c        0xa core_cm3.o
                0x0800087c                __set_PSP
 .text.__get_MSP
                0x08000886       0x10 core_cm3.o
                0x08000886                __get_MSP
 .text.__set_MSP
                0x08000896        0xa core_cm3.o
                0x08000896                __set_MSP
 .text.__get_BASEPRI
                0x080008a0       0x1c core_cm3.o
                0x080008a0                __get_BASEPRI
 .text.__set_BASEPRI
                0x080008bc       0x18 core_cm3.o
                0x080008bc                __set_BASEPRI
 .text.__get_PRIMASK
                0x080008d4       0x1c core_cm3.o
                0x080008d4                __get_PRIMASK
 .text.__set_PRIMASK
                0x080008f0       0x18 core_cm3.o
                0x080008f0                __set_PRIMASK
 .text.__get_FAULTMASK
                0x08000908       0x1c core_cm3.o
                0x08000908                __get_FAULTMASK
 .text.__set_FAULTMASK
                0x08000924       0x18 core_cm3.o
                0x08000924                __set_FAULTMASK
 .text.__REV    0x0800093c       0x1e core_cm3.o
                0x0800093c                __REV
 .text.__REV16  0x0800095a       0x20 core_cm3.o
                0x0800095a                __REV16
 .text.__REVSH  0x0800097a       0x20 core_cm3.o
                0x0800097a                __REVSH
 .text.__RBIT   0x0800099a       0x20 core_cm3.o
                0x0800099a                __RBIT
 .text.__LDREXB
                0x080009ba       0x20 core_cm3.o
                0x080009ba                __LDREXB
 .text.__LDREXH
                0x080009da       0x20 core_cm3.o
                0x080009da                __LDREXH
 .text.__LDREXW
                0x080009fa       0x20 core_cm3.o
                0x080009fa                __LDREXW
 .text.__STREXB
                0x08000a1a       0x22 core_cm3.o
                0x08000a1a                __STREXB
 .text.__STREXH
                0x08000a3c       0x26 core_cm3.o
                0x08000a3c                __STREXH
 .text.__STREXW
                0x08000a62       0x24 core_cm3.o
                0x08000a62                __STREXW
 .text.__get_CONTROL
                0x08000a86       0x1c core_cm3.o
                0x08000a86                __get_CONTROL
 .text.__set_CONTROL
                0x08000aa2       0x18 core_cm3.o
                0x08000aa2                __set_CONTROL
 *fill*         0x08000aba        0x2 
 .text.Reset_Handler
                0x08000abc       0x4c startup_stm32f10x.o
                0x08000abc                Reset_Handler
 .text.Default_Handler
                0x08000b08        0x2 startup_stm32f10x.o
                0x08000b08                HardFault_Handler
                0x08000b08                NMI_Handler
                0x08000b08                UsageFault_Handler
                0x08000b08                Default_Handler
                0x08000b08                MemManage_Handler
                0x08000b08                BusFault_Handler
                0x08000b08                DebugMon_Handler
 *fill*         0x08000b0a        0x2 
 .text.RCC_DeInit
                0x08000b0c       0x5c stm32f10x_rcc.o
                0x08000b0c                RCC_DeInit
 .text.RCC_HSEConfig
                0x08000b68       0x5c stm32f10x_rcc.o
                0x08000b68                RCC_HSEConfig
 .text.RCC_WaitForHSEStartUp
                0x08000bc4       0x50 stm32f10x_rcc.o
                0x08000bc4                RCC_WaitForHSEStartUp
 .text.RCC_AdjustHSICalibrationValue
                0x08000c14       0x3c stm32f10x_rcc.o
                0x08000c14                RCC_AdjustHSICalibrationValue
 .text.RCC_HSICmd
                0x08000c50       0x20 stm32f10x_rcc.o
                0x08000c50                RCC_HSICmd
 .text.RCC_PLLConfig
                0x08000c70       0x3c stm32f10x_rcc.o
                0x08000c70                RCC_PLLConfig
 .text.RCC_PLLCmd
                0x08000cac       0x20 stm32f10x_rcc.o
                0x08000cac                RCC_PLLCmd
 .text.RCC_SYSCLKConfig
                0x08000ccc       0x38 stm32f10x_rcc.o
                0x08000ccc                RCC_SYSCLKConfig
 .text.RCC_GetSYSCLKSource
                0x08000d04       0x1c stm32f10x_rcc.o
                0x08000d04                RCC_GetSYSCLKSource
 .text.RCC_HCLKConfig
                0x08000d20       0x38 stm32f10x_rcc.o
                0x08000d20                RCC_HCLKConfig
 .text.RCC_PCLK1Config
                0x08000d58       0x38 stm32f10x_rcc.o
                0x08000d58                RCC_PCLK1Config
 .text.RCC_PCLK2Config
                0x08000d90       0x38 stm32f10x_rcc.o
                0x08000d90                RCC_PCLK2Config
 .text.RCC_ITConfig
                0x08000dc8       0x4c stm32f10x_rcc.o
                0x08000dc8                RCC_ITConfig
 .text.RCC_USBCLKConfig
                0x08000e14       0x1c stm32f10x_rcc.o
                0x08000e14                RCC_USBCLKConfig
 .text.RCC_ADCCLKConfig
                0x08000e30       0x38 stm32f10x_rcc.o
                0x08000e30                RCC_ADCCLKConfig
 .text.RCC_LSEConfig
                0x08000e68       0x40 stm32f10x_rcc.o
                0x08000e68                RCC_LSEConfig
 .text.RCC_LSICmd
                0x08000ea8       0x20 stm32f10x_rcc.o
                0x08000ea8                RCC_LSICmd
 .text.RCC_RTCCLKConfig
                0x08000ec8       0x24 stm32f10x_rcc.o
                0x08000ec8                RCC_RTCCLKConfig
 .text.RCC_RTCCLKCmd
                0x08000eec       0x20 stm32f10x_rcc.o
                0x08000eec                RCC_RTCCLKCmd
 .text.RCC_GetClocksFreq
                0x08000f0c      0x160 stm32f10x_rcc.o
                0x08000f0c                RCC_GetClocksFreq
 .text.RCC_AHBPeriphClockCmd
                0x0800106c       0x3c stm32f10x_rcc.o
                0x0800106c                RCC_AHBPeriphClockCmd
 .text.RCC_APB2PeriphClockCmd
                0x080010a8       0x3c stm32f10x_rcc.o
                0x080010a8                RCC_APB2PeriphClockCmd
 .text.RCC_APB1PeriphClockCmd
                0x080010e4       0x3c stm32f10x_rcc.o
                0x080010e4                RCC_APB1PeriphClockCmd
 .text.RCC_APB2PeriphResetCmd
                0x08001120       0x3c stm32f10x_rcc.o
                0x08001120                RCC_APB2PeriphResetCmd
 .text.RCC_APB1PeriphResetCmd
                0x0800115c       0x3c stm32f10x_rcc.o
                0x0800115c                RCC_APB1PeriphResetCmd
 .text.RCC_BackupResetCmd
                0x08001198       0x20 stm32f10x_rcc.o
                0x08001198                RCC_BackupResetCmd
 .text.RCC_ClockSecuritySystemCmd
                0x080011b8       0x20 stm32f10x_rcc.o
                0x080011b8                RCC_ClockSecuritySystemCmd
 .text.RCC_MCOConfig
                0x080011d8       0x20 stm32f10x_rcc.o
                0x080011d8                RCC_MCOConfig
 .text.RCC_GetFlagStatus
                0x080011f8       0x74 stm32f10x_rcc.o
                0x080011f8                RCC_GetFlagStatus
 .text.RCC_ClearFlag
                0x0800126c       0x1c stm32f10x_rcc.o
                0x0800126c                RCC_ClearFlag
 .text.RCC_GetITStatus
                0x08001288       0x34 stm32f10x_rcc.o
                0x08001288                RCC_GetITStatus
 .text.RCC_ClearITPendingBit
                0x080012bc       0x20 stm32f10x_rcc.o
                0x080012bc                RCC_ClearITPendingBit
 .text.EcuM_Init
                0x080012dc       0xc4 EcuM.o
                0x080012dc                EcuM_Init
 .text.EcuM_StartupTwo
                0x080013a0       0x2c EcuM.o
                0x080013a0                EcuM_StartupTwo
 .text.EcuM_Shutdown
                0x080013cc       0x28 EcuM.o
                0x080013cc                EcuM_Shutdown
 .text.EcuM_GetState
                0x080013f4       0x20 EcuM.o
                0x080013f4                EcuM_GetState
 .text.EcuM_SelectApplicationMode
                0x08001414       0x20 EcuM.o
                0x08001414                EcuM_SelectApplicationMode
 .text.EcuM_GetApplicationMode
                0x08001434       0x20 EcuM.o
                0x08001434                EcuM_GetApplicationMode
 .text.EcuM_SelectBootTarget
                0x08001454        0xe EcuM.o
                0x08001454                EcuM_SelectBootTarget
 .text.EcuM_GetBootTarget
                0x08001462        0xc EcuM.o
                0x08001462                EcuM_GetBootTarget
 *fill*         0x0800146e        0x2 
 .text.EcuM_SelectShutdownTarget
                0x08001470       0x2c EcuM.o
                0x08001470                EcuM_SelectShutdownTarget
 .text.EcuM_GetShutdownTarget
                0x0800149c       0x2c EcuM.o
                0x0800149c                EcuM_GetShutdownTarget
 .text.EcuM_RequestRUN
                0x080014c8       0x3c EcuM.o
                0x080014c8                EcuM_RequestRUN
 .text.EcuM_ReleaseRUN
                0x08001504       0x30 EcuM.o
                0x08001504                EcuM_ReleaseRUN
 .text.EcuM_KillAllRUNRequests
                0x08001534       0x24 EcuM.o
                0x08001534                EcuM_KillAllRUNRequests
 .text.EcuM_SetWakeupEvent
                0x08001558       0x48 EcuM.o
                0x08001558                EcuM_SetWakeupEvent
 .text.EcuM_RequestPOST_RUN
                0x080015a0       0x3c EcuM.o
                0x080015a0                EcuM_RequestPOST_RUN
 .text.EcuM_ReleasePOST_RUN
                0x080015dc       0x30 EcuM.o
                0x080015dc                EcuM_ReleasePOST_RUN
 .text.EcuM_ClearWakeupEvent
                0x0800160c       0x48 EcuM.o
                0x0800160c                EcuM_ClearWakeupEvent
 .text.EcuM_GetPendingWakeupEvents
                0x08001654       0x14 EcuM.o
                0x08001654                EcuM_GetPendingWakeupEvents
 .text.EcuM_GetValidatedWakeupEvents
                0x08001668       0x14 EcuM.o
                0x08001668                EcuM_GetValidatedWakeupEvents
 .text.EcuM_GetStatusOfWakeupSource
                0x0800167c        0xc EcuM.o
                0x0800167c                EcuM_GetStatusOfWakeupSource
 .text.EcuM_ValidateWakeupEvent
                0x08001688       0x24 EcuM.o
                0x08001688                EcuM_ValidateWakeupEvent
 .text.__disable_irq
                0x080016ac        0xe EcuM_Main.o
 .text._Irq_Save
                0x080016ba       0x1a EcuM_Main.o
 .text._Irq_Restore
                0x080016d4       0x16 EcuM_Main.o
 *fill*         0x080016ea        0x2 
 .text.set_current_state
                0x080016ec       0x4c EcuM_Main.o
                0x080016ec                set_current_state
 .text.EcuM_enter_run_mode
                0x08001738       0x12 EcuM_Main.o
                0x08001738                EcuM_enter_run_mode
 .text.enter_go_sleep_mode
                0x0800174a       0x1e EcuM_Main.o
 .text.in_state_goSleep
                0x08001768       0xa0 EcuM_Main.o
 .text.in_state_sleep
                0x08001808       0x44 EcuM_Main.o
 .text.enter_go_off_one_mode
                0x0800184c       0x12 EcuM_Main.o
 *fill*         0x0800185e        0x2 
 .text.hasRunRequests
                0x08001860       0x28 EcuM_Main.o
 .text.hasPostRunRequests
                0x08001888       0x20 EcuM_Main.o
 .text.in_state_appRun
                0x080018a8       0x40 EcuM_Main.o
 .text.in_state_appPostRun
                0x080018e8       0x32 EcuM_Main.o
 *fill*         0x0800191a        0x2 
 .text.in_state_prepShutdown
                0x0800191c       0x34 EcuM_Main.o
 .text.in_state_goOffOne
                0x08001950        0xe EcuM_Main.o
 *fill*         0x0800195e        0x2 
 .text.EcuM_MainFunction
                0x08001960      0x2ac EcuM_Main.o
                0x08001960                EcuM_MainFunction
 .text.EcuM_ErrorHook
                0x08001c0c       0x16 EcuM_Callout_Stubs.o
                0x08001c0c                EcuM_ErrorHook
 .text._dummy   0x08001c22        0xc EcuM_Callout_Stubs.o
 *fill*         0x08001c2e        0x2 
 .text.EcuM_DeterminePbConfiguration
                0x08001c30       0x24 EcuM_Callout_Stubs.o
                0x08001c30                EcuM_DeterminePbConfiguration
 .text.EcuM_AL_DriverInitZero
                0x08001c54       0x10 EcuM_Callout_Stubs.o
                0x08001c54                EcuM_AL_DriverInitZero
 .text.EcuM_AL_DriverInitOne
                0x08001c64       0x36 EcuM_Callout_Stubs.o
                0x08001c64                EcuM_AL_DriverInitOne
 .text.EcuM_AL_DriverInitTwo
                0x08001c9a       0x12 EcuM_Callout_Stubs.o
                0x08001c9a                EcuM_AL_DriverInitTwo
 .text.EcuM_AL_DriverInitThree
                0x08001cac       0x12 EcuM_Callout_Stubs.o
                0x08001cac                EcuM_AL_DriverInitThree
 .text.EcuM_OnEnterRun
                0x08001cbe        0xc EcuM_Callout_Stubs.o
                0x08001cbe                EcuM_OnEnterRun
 .text.EcuM_OnExitRun
                0x08001cca        0xc EcuM_Callout_Stubs.o
                0x08001cca                EcuM_OnExitRun
 .text.EcuM_OnExitPostRun
                0x08001cd6        0xc EcuM_Callout_Stubs.o
                0x08001cd6                EcuM_OnExitPostRun
 .text.EcuM_OnPrepShutdown
                0x08001ce2        0xc EcuM_Callout_Stubs.o
                0x08001ce2                EcuM_OnPrepShutdown
 .text.EcuM_OnGoSleep
                0x08001cee        0xc EcuM_Callout_Stubs.o
                0x08001cee                EcuM_OnGoSleep
 .text.EcuM_OnGoOffOne
                0x08001cfa        0xc EcuM_Callout_Stubs.o
                0x08001cfa                EcuM_OnGoOffOne
 .text.EcuM_OnGoOffTwo
                0x08001d06        0xc EcuM_Callout_Stubs.o
                0x08001d06                EcuM_OnGoOffTwo
 .text.EcuM_AL_SwitchOff
                0x08001d12        0xc EcuM_Callout_Stubs.o
                0x08001d12                EcuM_AL_SwitchOff
 .text.EcuM_CheckWakeup
                0x08001d1e       0x2e EcuM_Callout_Stubs.o
                0x08001d1e                EcuM_CheckWakeup
 .text.EcuM_EnableWakeupSources
                0x08001d4c       0x12 EcuM_Callout_Stubs.o
                0x08001d4c                EcuM_EnableWakeupSources
 .text.EcuM_DisableWakeupSources
                0x08001d5e       0x12 EcuM_Callout_Stubs.o
                0x08001d5e                EcuM_DisableWakeupSources
 .text.EcuM_StartWakeupSources
                0x08001d70       0x24 EcuM_Callout_Stubs.o
                0x08001d70                EcuM_StartWakeupSources
 .text.EcuM_StopWakeupSources
                0x08001d94       0x24 EcuM_Callout_Stubs.o
                0x08001d94                EcuM_StopWakeupSources
 .text.EcuM_CheckValidation
                0x08001db8       0x24 EcuM_Callout_Stubs.o
                0x08001db8                EcuM_CheckValidation
 .text.EcuM_AL_DriverRestart
                0x08001ddc       0x50 EcuM_Callout_Stubs.o
                0x08001ddc                EcuM_AL_DriverRestart
 .text.EcuM_OnWakeupReaction
                0x08001e2c       0x28 EcuM_Callout_Stubs.o
                0x08001e2c                EcuM_OnWakeupReaction
 .text.EcuM_GenerateRamHash
                0x08001e54       0x20 EcuM_Callout_Stubs.o
                0x08001e54                EcuM_GenerateRamHash
 .text.EcuM_CheckRamHash
                0x08001e74       0x22 EcuM_Callout_Stubs.o
                0x08001e74                EcuM_CheckRamHash
 .text.__enable_irq
                0x08001e96        0xe Mcu.o
 .text.__DSB    0x08001ea4       0x10 Mcu.o
 .text.NVIC_SystemReset
                0x08001eb4       0x24 Mcu.o
 .text.Mcu_IdentifyCore
                0x08001ed8       0x44 Mcu.o
 .text.Mcu_CheckCpu
                0x08001f1c       0x24 Mcu.o
 .text.GetPllValueFromMult
                0x08001f40       0x1a Mcu.o
 *fill*         0x08001f5a        0x2 
 .text.SetClocks
                0x08001f5c      0x114 Mcu.o
 .text.InitPerClocks
                0x08002070       0x40 Mcu.o
 .text.InitMcuClocks
                0x080020b0       0x68 Mcu.o
 .text.Mcu_Init
                0x08002118       0x48 Mcu.o
                0x08002118                Mcu_Init
 .text.Mcu_DeInit
                0x08002160       0x18 Mcu.o
                0x08002160                Mcu_DeInit
 .text.Mcu_InitRamSection
                0x08002178       0x54 Mcu.o
                0x08002178                Mcu_InitRamSection
 .text.Mcu_InitClock
                0x080021cc       0x7c Mcu.o
                0x080021cc                Mcu_InitClock
 .text.Mcu_DistributePllClock
                0x08002248       0x28 Mcu.o
                0x08002248                Mcu_DistributePllClock
 .text.Mcu_GetPllStatus
                0x08002270       0x4c Mcu.o
                0x08002270                Mcu_GetPllStatus
 .text.Mcu_GetResetReason
                0x080022bc       0x70 Mcu.o
                0x080022bc                Mcu_GetResetReason
 .text.Mcu_GetResetRawValue
                0x0800232c       0x4c Mcu.o
                0x0800232c                Mcu_GetResetRawValue
 .text.Mcu_PerformReset
                0x08002378       0x2c Mcu.o
                0x08002378                Mcu_PerformReset
 .text.Mcu_SetMode
                0x080023a4       0x40 Mcu.o
                0x080023a4                Mcu_SetMode
 .text.McuE_GetSystemClock
                0x080023e4       0x54 Mcu.o
                0x080023e4                McuE_GetSystemClock
 .text.McuE_GetPeripheralClock
                0x08002438       0x44 Mcu.o
                0x08002438                McuE_GetPeripheralClock
 .text.Mcu_ConfigureFlash
                0x0800247c        0xc Mcu.o
                0x0800247c                Mcu_ConfigureFlash
 .text.__disable_irq
                0x08002488        0xe event.o
 .text._Irq_Save
                0x08002496       0x1a event.o
 .text._Irq_Restore
                0x080024b0       0x16 event.o
 *fill*         0x080024c6        0x2 
 .text.Os_TaskGet
                0x080024c8       0x28 event.o
 .text.Os_TaskOccupiesResources
                0x080024f0       0x20 event.o
 .text.Os_SchedulerResourceIsFree
                0x08002510       0x24 event.o
 .text.Os_SysTaskGetCurr
                0x08002534       0x14 event.o
 .text.WaitEvent
                0x08002548      0x100 event.o
                0x08002548                WaitEvent
 .text.SetEvent
                0x08002648      0x174 event.o
                0x08002648                SetEvent
 .text.GetEvent
                0x080027bc      0x16c event.o
                0x080027bc                GetEvent
 .text.ClearEvent
                0x08002928       0xb8 event.o
                0x08002928                ClearEvent
 .text.__disable_irq
                0x080029e0        0xe init.o
 *fill*         0x080029ee        0x2 
 .text.Os_TaskGet
                0x080029f0       0x28 init.o
 .text.Os_CfgValidate
                0x08002a18        0xc init.o
 .text.copyPcbParts
                0x08002a24       0x42 init.o
 *fill*         0x08002a66        0x2 
 .text.InitOS   0x08002a68       0xbc init.o
                0x08002a68                InitOS
 .text.os_start
                0x08002b24       0xf8 init.o
 .text.main     0x08002c1c        0xe init.o
                0x08002c1c                main
 *fill*         0x08002c2a        0x2 
 .text.StartOS  0x08002c2c       0x20 init.o
                0x08002c2c                StartOS
 .text.ShutdownOS
                0x08002c4c       0x2c init.o
                0x08002c4c                ShutdownOS
 .text.__enable_irq
                0x08002c78        0xe arch.o
 *fill*         0x08002c86        0x2 
 .text.Os_ArchFirstCall
                0x08002c88       0x1c arch.o
                0x08002c88                Os_ArchFirstCall
 .text.Os_ArchGetStackPtr
                0x08002ca4        0xe arch.o
                0x08002ca4                Os_ArchGetStackPtr
 .text.Os_ArchGetScSize
                0x08002cb2        0xe arch.o
                0x08002cb2                Os_ArchGetScSize
 .text.Os_ArchSetTaskEntry
                0x08002cc0       0x50 arch.o
                0x08002cc0                Os_ArchSetTaskEntry
 .text.Os_ArchSetupContext
                0x08002d10       0x12 arch.o
                0x08002d10                Os_ArchSetupContext
 .text.Os_ArchInit
                0x08002d22        0xc arch.o
                0x08002d22                Os_ArchInit
 .text.__disable_irq
                0x08002d2e        0xe task.o
 .text._Irq_Save
                0x08002d3c       0x1a task.o
 .text._Irq_Restore
                0x08002d56       0x16 task.o
 .text.Os_TaskMakeRunning
                0x08002d6c       0x18 task.o
 .text.Os_TaskGet
                0x08002d84       0x28 task.o
 .text.Os_TaskResourceRemove
                0x08002dac       0x84 task.o
 .text.Os_TaskResourceFreeAll
                0x08002e30       0x2c task.o
 .text.Os_StackGetUsage
                0x08002e5c       0x38 task.o
 .text.Os_StackSetEndmark
                0x08002e94       0x1e task.o
 .text.Os_StackIsEndmarkOk
                0x08002eb2       0x28 task.o
 .text.Os_TaskOccupiesResources
                0x08002eda       0x20 task.o
 *fill*         0x08002efa        0x2 
 .text.Os_SchedulerResourceIsFree
                0x08002efc       0x24 task.o
 .text.Os_SysTaskSetCurr
                0x08002f20       0x1c task.o
 .text.Os_SysTaskGetCurr
                0x08002f3c       0x14 task.o
 .text.Os_SysIsrGetCurr
                0x08002f50       0x14 task.o
 .text.Os_SysIntAnyDisabled
                0x08002f64       0x3c task.o
 .text.Os_SysIntClearAll
                0x08002fa0       0x2c task.o
 .text.Os_TaskRunningToReady
                0x08002fcc       0x22 task.o
 *fill*         0x08002fee        0x2 
 .text.Os_TaskMakeReady
                0x08002ff0       0x48 task.o
                0x08002ff0                Os_TaskMakeReady
 .text.Os_TaskMakeWaiting
                0x08003038       0x50 task.o
                0x08003038                Os_TaskMakeWaiting
 .text.Os_TaskMakeSuspended
                0x08003088       0x50 task.o
 .text.os_pcb_pid_valid
                0x080030d8       0x22 task.o
                0x080030d8                os_pcb_pid_valid
 *fill*         0x080030fa        0x2 
 .text.Os_TaskStartExtended
                0x080030fc       0x98 task.o
                0x080030fc                Os_TaskStartExtended
 .text.Os_TaskStartBasic
                0x08003194       0x98 task.o
                0x08003194                Os_TaskStartBasic
 .text.Os_StackSetup
                0x0800322c       0x3e task.o
 .text.Os_StackFill
                0x0800326a       0x3c task.o
 .text.Os_TaskContextInit
                0x080032a6       0x40 task.o
                0x080032a6                Os_TaskContextInit
 .text.Os_ContextReInit
                0x080032e6       0x16 task.o
                0x080032e6                Os_ContextReInit
 .text.Os_TaskGetTop
                0x080032fc       0x80 task.o
                0x080032fc                Os_TaskGetTop
 .text.Os_Dispatch
                0x0800337c      0x204 task.o
                0x0800337c                Os_Dispatch
 .text.Os_TaskSwapContext
                0x08003580       0x74 task.o
                0x08003580                Os_TaskSwapContext
 .text.Os_TaskSwapContextTo
                0x080035f4       0x70 task.o
                0x080035f4                Os_TaskSwapContextTo
 .text.Os_Arc_GetStackInfo
                0x08003664       0x4e task.o
                0x08003664                Os_Arc_GetStackInfo
 .text.Os_Arc_GetTaskName
                0x080036b2       0x2c task.o
                0x080036b2                Os_Arc_GetTaskName
 *fill*         0x080036de        0x2 
 .text.GetTaskState
                0x080036e0       0xfc task.o
                0x080036e0                GetTaskState
 .text.GetTaskID
                0x080037dc       0x48 task.o
                0x080037dc                GetTaskID
 .text.GetISRID
                0x08003824       0x24 task.o
                0x08003824                GetISRID
 .text.Os_Arc_SetCleanContext
                0x08003848       0x38 task.o
 .text.ActivateTask
                0x08003880      0x168 task.o
                0x08003880                ActivateTask
 .text.TerminateTask
                0x080039e8       0xb0 task.o
                0x080039e8                TerminateTask
 .text.ChainTask
                0x08003a98      0x13c task.o
                0x08003a98                ChainTask
 .text.Schedule
                0x08003bd4       0xf8 task.o
                0x08003bd4                Schedule
 .text.Os_Arc_GetTaskInfo
                0x08003ccc       0x2e task.o
                0x08003ccc                Os_Arc_GetTaskInfo
 .text.__disable_irq
                0x08003cfa        0xe resource.o
 .text._Irq_Save
                0x08003d08       0x1a resource.o
 .text._Irq_Restore
                0x08003d22       0x16 resource.o
 .text.Os_ResourceGet
                0x08003d38       0x16 resource.o
 *fill*         0x08003d4e        0x2 
 .text.Os_TaskGet
                0x08003d50       0x28 resource.o
 .text.Os_TaskResourceAdd
                0x08003d78       0x5e resource.o
 .text.Os_TaskResourceRemove
                0x08003dd6       0x84 resource.o
 .text.Os_IsrResourceAdd
                0x08003e5a       0x2a resource.o
 .text.Os_SchedulerResourceIsFree
                0x08003e84       0x24 resource.o
 .text.Os_SysTaskGetCurr
                0x08003ea8       0x14 resource.o
 .text.Os_SysIsrGetCurr
                0x08003ebc       0x14 resource.o
 .text.GetResource
                0x08003ed0      0x160 resource.o
                0x08003ed0                GetResource
 .text.ReleaseResource
                0x08004030      0x148 resource.o
                0x08004030                ReleaseResource
 .text.Os_ResourceGetInternal
                0x08004178       0x2a resource.o
                0x08004178                Os_ResourceGetInternal
 .text.Os_ResourceReleaseInternal
                0x080041a2       0x2a resource.o
                0x080041a2                Os_ResourceReleaseInternal
 .text.Os_ResourceInit
                0x080041cc       0xa8 resource.o
                0x080041cc                Os_ResourceInit
 .text.__disable_irq
                0x08004274        0xe alarm.o
 .text._Irq_Save
                0x08004282       0x1a alarm.o
 .text._Irq_Restore
                0x0800429c       0x16 alarm.o
 .text.Os_CounterGetMaxValue
                0x080042b2       0x16 alarm.o
 .text.Os_CounterGetValue
                0x080042c8       0x16 alarm.o
 .text.Os_CounterDiff
                0x080042de       0x32 alarm.o
 .text.Os_CounterAdd
                0x08004310       0x40 alarm.o
 .text.Os_AlarmGet
                0x08004350       0x30 alarm.o
 .text.Os_AlarmGetBase
                0x08004380       0x4c alarm.o
 .text.GetAlarmBase
                0x080043cc       0xa0 alarm.o
                0x080043cc                GetAlarmBase
 .text.GetAlarm
                0x0800446c      0x100 alarm.o
                0x0800446c                GetAlarm
 .text.SetRelAlarm
                0x0800456c      0x13c alarm.o
                0x0800456c                SetRelAlarm
 .text.SetAbsAlarm
                0x080046a8      0x120 alarm.o
                0x080046a8                SetAbsAlarm
 .text.CancelAlarm
                0x080047c8       0xd4 alarm.o
                0x080047c8                CancelAlarm
 .text.AlarmProcess
                0x0800489c       0x4c alarm.o
 .text.Os_AlarmCheck
                0x080048e8      0x100 alarm.o
                0x080048e8                Os_AlarmCheck
 .text.Os_AlarmAutostart
                0x080049e8       0x7c alarm.o
                0x080049e8                Os_AlarmAutostart
 .text.__disable_irq
                0x08004a64        0xe sched_table.o
 .text._Irq_Save
                0x08004a72       0x1a sched_table.o
 .text._Irq_Restore
                0x08004a8c       0x16 sched_table.o
 .text.Os_CounterGetMaxValue
                0x08004aa2       0x16 sched_table.o
 .text.Os_CounterGetMinCycle
                0x08004ab8       0x16 sched_table.o
 .text.Os_CounterGetValue
                0x08004ace       0x16 sched_table.o
 .text.Os_CounterAdd
                0x08004ae4       0x40 sched_table.o
 .text.Os_SchTblGet
                0x08004b24       0x16 sched_table.o
 .text.Os_SchTblGetInitialOffset
                0x08004b3a       0x18 sched_table.o
 .text.Os_SchTblGetFinalOffset
                0x08004b52       0x30 sched_table.o
 .text.Os_SchTblUpdateState
                0x08004b82      0x190 sched_table.o
 .text.ScheduleTableConsistenyCheck
                0x08004d12       0xba sched_table.o
 .text.StartScheduleTableRel
                0x08004dcc      0x104 sched_table.o
                0x08004dcc                StartScheduleTableRel
 .text.StartScheduleTableAbs
                0x08004ed0       0xdc sched_table.o
                0x08004ed0                StartScheduleTableAbs
 .text.StopScheduleTable
                0x08004fac       0xa4 sched_table.o
                0x08004fac                StopScheduleTable
 .text.NextScheduleTable
                0x08005050      0x12c sched_table.o
                0x08005050                NextScheduleTable
 .text.GetScheduleTableStatus
                0x0800517c       0xb8 sched_table.o
                0x0800517c                GetScheduleTableStatus
 .text.Os_SchTblCheck
                0x08005234       0xda sched_table.o
                0x08005234                Os_SchTblCheck
 .text.Os_SchTblInit
                0x0800530e       0x32 sched_table.o
                0x0800530e                Os_SchTblInit
 .text.Os_SchTblAutostart
                0x08005340       0x88 sched_table.o
                0x08005340                Os_SchTblAutostart
 .text.__disable_irq
                0x080053c8        0xe counter.o
 .text._Irq_Save
                0x080053d6       0x1a counter.o
 .text._Irq_Restore
                0x080053f0       0x16 counter.o
 .text.Os_CounterGetMaxValue
                0x08005406       0x16 counter.o
 .text.Os_CounterGet
                0x0800541c       0x28 counter.o
 .text.Os_CounterDiff
                0x08005444       0x32 counter.o
 .text.Os_CounterAdd
                0x08005476       0x40 counter.o
 *fill*         0x080054b6        0x2 
 .text.Os_AlarmGet
                0x080054b8       0x30 counter.o
 .text.IncrementCounter
                0x080054e8       0xe8 counter.o
                0x080054e8                IncrementCounter
 .text.GetCounterValue
                0x080055d0       0xc0 counter.o
                0x080055d0                GetCounterValue
 .text.GetElapsedCounterValue
                0x08005690       0xe4 counter.o
                0x08005690                GetElapsedCounterValue
 .text.OsTick   0x08005774       0x5c counter.o
                0x08005774                OsTick
 .text.GetOsTick
                0x080057d0       0x14 counter.o
                0x080057d0                GetOsTick
 .text.Os_CounterInit
                0x080057e4       0x40 counter.o
                0x080057e4                Os_CounterInit
 .text.SysTick_Config
                0x08005824       0x3c sys_tick.o
 .text.Os_SysTickInit
                0x08005860       0x14 sys_tick.o
                0x08005860                Os_SysTickInit
 .text.Os_SysTickStart
                0x08005874       0x16 sys_tick.o
                0x08005874                Os_SysTickStart
 .text.__enable_irq
                0x0800588a        0xe isr.o
 .text.__disable_irq
                0x08005898        0xe isr.o
 .text.Os_StackIsEndmarkOk
                0x080058a6       0x28 isr.o
 .text.Os_StackPerformCheck
                0x080058ce       0x28 isr.o
 .text.Os_IsrResourceRemove
                0x080058f6       0x7a isr.o
 .text.Os_IsrResourceFreeAll
                0x08005970       0x2c isr.o
 .text.Os_IsrOccupiesResources
                0x0800599c       0x20 isr.o
 .text.Os_SchedulerResourceIsFree
                0x080059bc       0x24 isr.o
 .text.Os_SysTaskGetCurr
                0x080059e0       0x14 isr.o
 .text.Os_SysIntAnyDisabled
                0x080059f4       0x3c isr.o
 .text.Os_SysIntClearAll
                0x08005a30       0x2c isr.o
 .text.Os_ApplGetCore
                0x08005a5c       0x28 isr.o
 .text.Os_IsrInit
                0x08005a84       0x24 isr.o
                0x08005a84                Os_IsrInit
 .text.Os_IsrAdd
                0x08005aa8       0xcc isr.o
                0x08005aa8                Os_IsrAdd
 .text.TailChaining
                0x08005b74       0xb4 isr.o
                0x08005b74                TailChaining
 .text.Os_Isr_cm3
                0x08005c28      0x158 isr.o
                0x08005c28                Os_Isr_cm3
 .text.Os_IsrGetStackInfo
                0x08005d80       0x24 isr.o
                0x08005d80                Os_IsrGetStackInfo
 .text.Os_IsrGet
                0x08005da4       0x3c isr.o
                0x08005da4                Os_IsrGet
 .text.Os_IsrGetApplicationOwner
                0x08005de0       0x3c isr.o
                0x08005de0                Os_IsrGetApplicationOwner
 .text.Os_Isr   0x08005e1c      0x1d8 isr.o
                0x08005e1c                Os_Isr
 .text.Os_Arc_GetIsrInfo
                0x08005ff4       0x42 isr.o
                0x08005ff4                Os_Arc_GetIsrInfo
 *fill*         0x08006036        0x2 
 .text.Os_Arc_GetIsrCount
                0x08006038       0x14 isr.o
                0x08006038                Os_Arc_GetIsrCount
 .text.Os_TaskGet
                0x0800604c       0x28 os_arctest.o
 .text.Os_ArcTest_GetTaskActivationLimit
                0x08006074       0x22 os_arctest.o
                0x08006074                Os_ArcTest_GetTaskActivationLimit
 *fill*         0x08006096        0x2 
 .text.Os_ArcTest_SetIrqNestLevel
                0x08006098       0x1c os_arctest.o
                0x08006098                Os_ArcTest_SetIrqNestLevel
 .text.Os_ResourceGetApplicationOwner
                0x080060b4       0x1c application.o
 .text.Os_TaskGet
                0x080060d0       0x28 application.o
 .text.Os_TaskGetApplicationOwner
                0x080060f8       0x32 application.o
 *fill*         0x0800612a        0x2 
 .text.Os_CounterGet
                0x0800612c       0x28 application.o
 .text.Os_CounterGetApplicationOwner
                0x08006154       0x34 application.o
 .text.Os_AlarmGet
                0x08006188       0x30 application.o
 .text.Os_AlarmGetApplicationOwner
                0x080061b8       0x2e application.o
 .text.Os_SchTblGetApplicationOwner
                0x080061e6       0x1c application.o
 *fill*         0x08006202        0x2 
 .text.Os_ApplGet
                0x08006204       0x20 application.o
 .text.GetApplicationID
                0x08006224       0x14 application.o
                0x08006224                GetApplicationID
 .text.CallTrustedFunction
                0x08006238       0x18 application.o
                0x08006238                CallTrustedFunction
 .text.CheckISRMemoryAccess
                0x08006250       0x2a application.o
                0x08006250                CheckISRMemoryAccess
 .text.CheckTaskMemoryAccess
                0x0800627a       0x28 application.o
                0x0800627a                CheckTaskMemoryAccess
 *fill*         0x080062a2        0x2 
 .text.CheckObjectAccess
                0x080062a4      0x170 application.o
                0x080062a4                CheckObjectAccess
 .text.CheckObjectOwnership
                0x08006414      0x11c application.o
                0x08006414                CheckObjectOwnership
 .text.TerminateApplication
                0x08006530      0x11c application.o
                0x08006530                TerminateApplication
 .text.AllowAccess
                0x0800664c       0xa8 application.o
                0x0800664c                AllowAccess
 .text.GetApplicationState
                0x080066f4       0xac application.o
                0x080066f4                GetApplicationState
 .text.GetActiveApplicationMode
                0x080067a0       0x20 application.o
                0x080067a0                GetActiveApplicationMode
 .text.Os_ApplStart
                0x080067c0       0x60 application.o
                0x080067c0                Os_ApplStart
 .text.NVIC_SetPriorityGrouping
                0x08006820       0x48 irq.o
 .text.NVIC_SetPriority
                0x08006868       0x58 irq.o
 .text.NVIC_InitVector
                0x080068c0       0x40 irq.o
 .text.Irq_Init
                0x08006900       0x34 irq.o
                0x08006900                Irq_Init
 .text.Irq_EOI  0x08006934        0xc irq.o
                0x08006934                Irq_EOI
 .text.Irq_EnableVector
                0x08006940       0x24 irq.o
                0x08006940                Irq_EnableVector
 .text.Irq_GenerateSoftInt
                0x08006964       0x24 irq.o
                0x08006964                Irq_GenerateSoftInt
 .text.Irq_GetCurrentPriority
                0x08006988       0x1a irq.o
                0x08006988                Irq_GetCurrentPriority
 .text.__disable_irq
                0x080069a2        0xe Det.o
 .text._Irq_Save
                0x080069b0       0x1a Det.o
 .text._Irq_Restore
                0x080069ca       0x16 Det.o
 .text.Det_AddCbk
                0x080069e0       0x68 Det.o
                0x080069e0                Det_AddCbk
 .text.Det_RemoveCbk
                0x08006a48       0x34 Det.o
                0x08006a48                Det_RemoveCbk
 .text.Det_Init
                0x08006a7c       0xa8 Det.o
                0x08006a7c                Det_Init
 .text.Det_DeInit
                0x08006b24       0x18 Det.o
                0x08006b24                Det_DeInit
 .text.Det_ReportError
                0x08006b3c       0xfc Det.o
                0x08006b3c                Det_ReportError
 .text.Det_Start
                0x08006c38       0x18 Det.o
                0x08006c38                Det_Start
 .text.ramlog_chr
                0x08006c50       0x3c ramlog.o
                0x08006c50                ramlog_chr
 .text.ramlog_fputs
                0x08006c8c       0x28 ramlog.o
                0x08006c8c                ramlog_fputs
 .text.ramlog_puts
                0x08006cb4       0x1c ramlog.o
                0x08006cb4                ramlog_puts
 .text.ramlog_printf
                0x08006cd0       0x40 ramlog.o
                0x08006cd0                ramlog_printf
 .text.ramlog_init
                0x08006d10       0x2c ramlog.o
                0x08006d10                ramlog_init
 .text.Ramlog_Write
                0x08006d3c       0x36 ramlog.o
 .text.Ramlog_Open
                0x08006d72       0x18 ramlog.o
 .text.__disable_irq
                0x08006d8a        0xe cirq_buffer.o
 .text._Irq_Save
                0x08006d98       0x1a cirq_buffer.o
 .text._Irq_Restore
                0x08006db2       0x16 cirq_buffer.o
 .text.CirqBuff_Init
                0x08006dc8       0x52 cirq_buffer.o
                0x08006dc8                CirqBuff_Init
 .text.CirqBuffStatCreate
                0x08006e1a       0x52 cirq_buffer.o
                0x08006e1a                CirqBuffStatCreate
 .text.CirqBuffDynCreate
                0x08006e6c       0x6e cirq_buffer.o
                0x08006e6c                CirqBuffDynCreate
 .text.CirqBuffDynDestroy
                0x08006eda       0x22 cirq_buffer.o
                0x08006eda                CirqBuffDynDestroy
 .text.CirqBuffPush
                0x08006efc       0x7c cirq_buffer.o
                0x08006efc                CirqBuffPush
 .text.CirqBuffPop
                0x08006f78       0x78 cirq_buffer.o
                0x08006f78                CirqBuffPop
 .text.CirqBuff_PushLock
                0x08006ff0       0x52 cirq_buffer.o
                0x08006ff0                CirqBuff_PushLock
 .text.CirqBuff_PopLock
                0x08007042       0x58 cirq_buffer.o
                0x08007042                CirqBuff_PopLock
 .text.fileno   0x0800709a       0x16 clib_port.o
                0x0800709a                fileno
 .text._open    0x080070b0       0x74 clib_port.o
                0x080070b0                _open
 .text._fstat   0x08007124       0x1e clib_port.o
                0x08007124                _fstat
 .text._getpid  0x08007142        0xe clib_port.o
                0x08007142                _getpid
 .text._kill    0x08007150       0x24 clib_port.o
                0x08007150                _kill
 .text._close   0x08007174       0x16 clib_port.o
                0x08007174                _close
 .text._isatty  0x0800718a       0x14 clib_port.o
                0x0800718a                _isatty
 *fill*         0x0800719e        0x2 
 .text._read    0x080071a0       0x2c clib_port.o
                0x080071a0                _read
 .text._write   0x080071cc       0x2c clib_port.o
                0x080071cc                _write
 .text._lseek   0x080071f8       0x24 clib_port.o
                0x080071f8                _lseek
 .text.__init   0x0800721c        0xc clib_port.o
                0x0800721c                __init
 .text._exit    0x08007228       0x10 clib_port.o
                0x08007228                _exit
 .text.fputc    0x08007238       0x30 printf.o
                0x08007238                fputc
 .text.fputs    0x08007268       0x2e printf.o
                0x08007268                fputs
 .text.fgetc    0x08007296       0x28 printf.o
                0x08007296                fgetc
 .text.fgets    0x080072be       0x2a printf.o
                0x080072be                fgets
 .text.printf   0x080072e8       0x34 printf.o
                0x080072e8                printf
 .text.fprintf  0x0800731c       0x2c printf.o
                0x0800731c                fprintf
 .text.sprintf  0x08007348       0x30 printf.o
                0x08007348                sprintf
 .text.snprintf
                0x08007378       0x30 printf.o
                0x08007378                snprintf
 .text.vprintf  0x080073a8       0x28 printf.o
                0x080073a8                vprintf
 .text.vsprintf
                0x080073d0       0x24 printf.o
                0x080073d0                vsprintf
 .text.vfprintf
                0x080073f4       0x2a printf.o
                0x080073f4                vfprintf
 .text.vsnprintf
                0x0800741e       0x2c printf.o
                0x0800741e                vsnprintf
 *fill*         0x0800744a        0x2 
 .text.emitChar
                0x0800744c       0x60 printf.o
 .text.emitString
                0x080074ac       0xda printf.o
 .text.emitInt  0x08007586       0x58 printf.o
                0x08007586                emitInt
 *fill*         0x080075de        0x2 
 .text.print    0x080075e0      0x28c printf.o
                0x080075e0                print
 .text.xtoa     0x0800786c       0xc4 xtoa.o
                0x0800786c                xtoa
 .text.ultoa    0x08007930       0x20 xtoa.o
                0x08007930                ultoa
 .text.itoa     0x08007950       0x26 xtoa.o
                0x08007950                itoa
 *fill*         0x08007976        0x2 
 .text.abort    0x08007978       0x10 c:/arm/bin/../lib/gcc/arm-none-eabi/7.2.1/../../../../arm-none-eabi/lib/thumb/v7-m\libc.a(lib_a-abort.o)
                0x08007978                abort
 .text._fopen_r
                0x08007988       0xc0 c:/arm/bin/../lib/gcc/arm-none-eabi/7.2.1/../../../../arm-none-eabi/lib/thumb/v7-m\libc.a(lib_a-fopen.o)
                0x08007988                _fopen_r
 .text.fopen    0x08007a48       0x10 c:/arm/bin/../lib/gcc/arm-none-eabi/7.2.1/../../../../arm-none-eabi/lib/thumb/v7-m\libc.a(lib_a-fopen.o)
                0x08007a48                fopen
 .text._fseek_r
                0x08007a58        0x4 c:/arm/bin/../lib/gcc/arm-none-eabi/7.2.1/../../../../arm-none-eabi/lib/thumb/v7-m\libc.a(lib_a-fseek.o)
                0x08007a58                _fseek_r
 .text.fseek    0x08007a5c       0x18 c:/arm/bin/../lib/gcc/arm-none-eabi/7.2.1/../../../../arm-none-eabi/lib/thumb/v7-m\libc.a(lib_a-fseek.o)
                0x08007a5c                fseek
 .text._fseeko_r
                0x08007a74      0x328 c:/arm/bin/../lib/gcc/arm-none-eabi/7.2.1/../../../../arm-none-eabi/lib/thumb/v7-m\libc.a(lib_a-fseeko.o)
                0x08007a74                _fseeko_r
 .text.fseeko   0x08007d9c       0x18 c:/arm/bin/../lib/gcc/arm-none-eabi/7.2.1/../../../../arm-none-eabi/lib/thumb/v7-m\libc.a(lib_a-fseeko.o)
                0x08007d9c                fseeko
 .text._fstat_r
                0x08007db4       0x28 c:/arm/bin/../lib/gcc/arm-none-eabi/7.2.1/../../../../arm-none-eabi/lib/thumb/v7-m\libc.a(lib_a-fstatr.o)
                0x08007db4                _fstat_r
 .text.__retarget_lock_init
                0x08007ddc        0x4 c:/arm/bin/../lib/gcc/arm-none-eabi/7.2.1/../../../../arm-none-eabi/lib/thumb/v7-m\libc.a(lib_a-lock.o)
                0x08007ddc                __retarget_lock_init
 .text.__retarget_lock_init_recursive
                0x08007de0        0x4 c:/arm/bin/../lib/gcc/arm-none-eabi/7.2.1/../../../../arm-none-eabi/lib/thumb/v7-m\libc.a(lib_a-lock.o)
                0x08007de0                __retarget_lock_init_recursive
 .text.__retarget_lock_close
                0x08007de4        0x4 c:/arm/bin/../lib/gcc/arm-none-eabi/7.2.1/../../../../arm-none-eabi/lib/thumb/v7-m\libc.a(lib_a-lock.o)
                0x08007de4                __retarget_lock_close
 .text.__retarget_lock_close_recursive
                0x08007de8        0x4 c:/arm/bin/../lib/gcc/arm-none-eabi/7.2.1/../../../../arm-none-eabi/lib/thumb/v7-m\libc.a(lib_a-lock.o)
                0x08007de8                __retarget_lock_close_recursive
 .text.__retarget_lock_acquire
                0x08007dec        0x4 c:/arm/bin/../lib/gcc/arm-none-eabi/7.2.1/../../../../arm-none-eabi/lib/thumb/v7-m\libc.a(lib_a-lock.o)
                0x08007dec                __retarget_lock_acquire
 .text.__retarget_lock_acquire_recursive
                0x08007df0        0x4 c:/arm/bin/../lib/gcc/arm-none-eabi/7.2.1/../../../../arm-none-eabi/lib/thumb/v7-m\libc.a(lib_a-lock.o)
                0x08007df0                __retarget_lock_acquire_recursive
 .text.__retarget_lock_try_acquire
                0x08007df4        0x4 c:/arm/bin/../lib/gcc/arm-none-eabi/7.2.1/../../../../arm-none-eabi/lib/thumb/v7-m\libc.a(lib_a-lock.o)
                0x08007df4                __retarget_lock_try_acquire
 .text.__retarget_lock_try_acquire_recursive
                0x08007df8        0x4 c:/arm/bin/../lib/gcc/arm-none-eabi/7.2.1/../../../../arm-none-eabi/lib/thumb/v7-m\libc.a(lib_a-lock.o)
                0x08007df8                __retarget_lock_try_acquire_recursive
 .text.__retarget_lock_release
                0x08007dfc        0x4 c:/arm/bin/../lib/gcc/arm-none-eabi/7.2.1/../../../../arm-none-eabi/lib/thumb/v7-m\libc.a(lib_a-lock.o)
                0x08007dfc                __retarget_lock_release
 .text.__retarget_lock_release_recursive
                0x08007e00        0x4 c:/arm/bin/../lib/gcc/arm-none-eabi/7.2.1/../../../../arm-none-eabi/lib/thumb/v7-m\libc.a(lib_a-lock.o)
                0x08007e00                __retarget_lock_release_recursive
 .text.__swhatbuf_r
                0x08007e04       0x5c c:/arm/bin/../lib/gcc/arm-none-eabi/7.2.1/../../../../arm-none-eabi/lib/thumb/v7-m\libc.a(lib_a-makebuf.o)
                0x08007e04                __swhatbuf_r
 .text.__smakebuf_r
                0x08007e60       0x94 c:/arm/bin/../lib/gcc/arm-none-eabi/7.2.1/../../../../arm-none-eabi/lib/thumb/v7-m\libc.a(lib_a-makebuf.o)
                0x08007e60                __smakebuf_r
 .text.malloc   0x08007ef4       0x10 c:/arm/bin/../lib/gcc/arm-none-eabi/7.2.1/../../../../arm-none-eabi/lib/thumb/v7-m\libc.a(lib_a-malloc.o)
                0x08007ef4                malloc
 .text.free     0x08007f04       0x10 c:/arm/bin/../lib/gcc/arm-none-eabi/7.2.1/../../../../arm-none-eabi/lib/thumb/v7-m\libc.a(lib_a-malloc.o)
                0x08007f04                free
 .text._malloc_r
                0x08007f14      0x524 c:/arm/bin/../lib/gcc/arm-none-eabi/7.2.1/../../../../arm-none-eabi/lib/thumb/v7-m\libc.a(lib_a-mallocr.o)
                0x08007f14                _malloc_r
 .text.memset   0x08008438       0x94 c:/arm/bin/../lib/gcc/arm-none-eabi/7.2.1/../../../../arm-none-eabi/lib/thumb/v7-m\libc.a(lib_a-memset.o)
                0x08008438                memset
 .text.__malloc_lock
                0x080084cc        0xc c:/arm/bin/../lib/gcc/arm-none-eabi/7.2.1/../../../../arm-none-eabi/lib/thumb/v7-m\libc.a(lib_a-mlock.o)
                0x080084cc                __malloc_lock
 .text.__malloc_unlock
                0x080084d8        0xc c:/arm/bin/../lib/gcc/arm-none-eabi/7.2.1/../../../../arm-none-eabi/lib/thumb/v7-m\libc.a(lib_a-mlock.o)
                0x080084d8                __malloc_unlock
 .text._open_r  0x080084e4       0x2c c:/arm/bin/../lib/gcc/arm-none-eabi/7.2.1/../../../../arm-none-eabi/lib/thumb/v7-m\libc.a(lib_a-openr.o)
                0x080084e4                _open_r
 .text.cleanup_glue
                0x08008510       0x28 c:/arm/bin/../lib/gcc/arm-none-eabi/7.2.1/../../../../arm-none-eabi/lib/thumb/v7-m\libc.a(lib_a-reent.o)
                0x08008510                cleanup_glue
 .text._reclaim_reent
                0x08008538       0x88 c:/arm/bin/../lib/gcc/arm-none-eabi/7.2.1/../../../../arm-none-eabi/lib/thumb/v7-m\libc.a(lib_a-reent.o)
                0x08008538                _reclaim_reent
 .text.lflush   0x080085c0       0x14 c:/arm/bin/../lib/gcc/arm-none-eabi/7.2.1/../../../../arm-none-eabi/lib/thumb/v7-m\libc.a(lib_a-refill.o)
 .text.__srefill_r
                0x080085d4      0x118 c:/arm/bin/../lib/gcc/arm-none-eabi/7.2.1/../../../../arm-none-eabi/lib/thumb/v7-m\libc.a(lib_a-refill.o)
                0x080085d4                __srefill_r
 .text._sbrk_r  0x080086ec       0x24 c:/arm/bin/../lib/gcc/arm-none-eabi/7.2.1/../../../../arm-none-eabi/lib/thumb/v7-m\libc.a(lib_a-sbrkr.o)
                0x080086ec                _sbrk_r
 .text._init_signal_r.part.0
                0x08008710       0x28 c:/arm/bin/../lib/gcc/arm-none-eabi/7.2.1/../../../../arm-none-eabi/lib/thumb/v7-m\libc.a(lib_a-signal.o)
 .text._init_signal_r
                0x08008738       0x10 c:/arm/bin/../lib/gcc/arm-none-eabi/7.2.1/../../../../arm-none-eabi/lib/thumb/v7-m\libc.a(lib_a-signal.o)
                0x08008738                _init_signal_r
 .text._signal_r
                0x08008748       0x38 c:/arm/bin/../lib/gcc/arm-none-eabi/7.2.1/../../../../arm-none-eabi/lib/thumb/v7-m\libc.a(lib_a-signal.o)
                0x08008748                _signal_r
 .text._raise_r
                0x08008780       0x5c c:/arm/bin/../lib/gcc/arm-none-eabi/7.2.1/../../../../arm-none-eabi/lib/thumb/v7-m\libc.a(lib_a-signal.o)
                0x08008780                _raise_r
 .text.__sigtramp_r
                0x080087dc       0x54 c:/arm/bin/../lib/gcc/arm-none-eabi/7.2.1/../../../../arm-none-eabi/lib/thumb/v7-m\libc.a(lib_a-signal.o)
                0x080087dc                __sigtramp_r
 .text.raise    0x08008830       0x10 c:/arm/bin/../lib/gcc/arm-none-eabi/7.2.1/../../../../arm-none-eabi/lib/thumb/v7-m\libc.a(lib_a-signal.o)
                0x08008830                raise
 .text.signal   0x08008840       0x10 c:/arm/bin/../lib/gcc/arm-none-eabi/7.2.1/../../../../arm-none-eabi/lib/thumb/v7-m\libc.a(lib_a-signal.o)
                0x08008840                signal
 .text._init_signal
                0x08008850       0x18 c:/arm/bin/../lib/gcc/arm-none-eabi/7.2.1/../../../../arm-none-eabi/lib/thumb/v7-m\libc.a(lib_a-signal.o)
                0x08008850                _init_signal
 .text.__sigtramp
                0x08008868       0x10 c:/arm/bin/../lib/gcc/arm-none-eabi/7.2.1/../../../../arm-none-eabi/lib/thumb/v7-m\libc.a(lib_a-signal.o)
                0x08008868                __sigtramp
 .text._kill_r  0x08008878       0x28 c:/arm/bin/../lib/gcc/arm-none-eabi/7.2.1/../../../../arm-none-eabi/lib/thumb/v7-m\libc.a(lib_a-signalr.o)
                0x08008878                _kill_r
 .text._getpid_r
                0x080088a0        0x4 c:/arm/bin/../lib/gcc/arm-none-eabi/7.2.1/../../../../arm-none-eabi/lib/thumb/v7-m\libc.a(lib_a-signalr.o)
                0x080088a0                _getpid_r
 .text.__sread  0x080088a4       0x24 c:/arm/bin/../lib/gcc/arm-none-eabi/7.2.1/../../../../arm-none-eabi/lib/thumb/v7-m\libc.a(lib_a-stdio.o)
                0x080088a4                __sread
 .text.__seofread
                0x080088c8        0x4 c:/arm/bin/../lib/gcc/arm-none-eabi/7.2.1/../../../../arm-none-eabi/lib/thumb/v7-m\libc.a(lib_a-stdio.o)
                0x080088c8                __seofread
 .text.__swrite
                0x080088cc       0x3c c:/arm/bin/../lib/gcc/arm-none-eabi/7.2.1/../../../../arm-none-eabi/lib/thumb/v7-m\libc.a(lib_a-stdio.o)
                0x080088cc                __swrite
 .text.__sseek  0x08008908       0x20 c:/arm/bin/../lib/gcc/arm-none-eabi/7.2.1/../../../../arm-none-eabi/lib/thumb/v7-m\libc.a(lib_a-stdio.o)
                0x08008908                __sseek
 .text.__sclose
                0x08008928        0x8 c:/arm/bin/../lib/gcc/arm-none-eabi/7.2.1/../../../../arm-none-eabi/lib/thumb/v7-m\libc.a(lib_a-stdio.o)
                0x08008928                __sclose
 .text.strcpy   0x08008930       0xbc c:/arm/bin/../lib/gcc/arm-none-eabi/7.2.1/../../../../arm-none-eabi/lib/thumb/v7-m\libc.a(lib_a-strcpy.o)
                0x08008930                strcpy
 .text.strlen   0x080089ec       0x5c c:/arm/bin/../lib/gcc/arm-none-eabi/7.2.1/../../../../arm-none-eabi/lib/thumb/v7-m\libc.a(lib_a-strlen-stub.o)
                0x080089ec                strlen
 .text.strncpy  0x08008a48       0x64 c:/arm/bin/../lib/gcc/arm-none-eabi/7.2.1/../../../../arm-none-eabi/lib/thumb/v7-m\libc.a(lib_a-strncpy.o)
                0x08008a48                strncpy
 .text._strtoul_l.isra.0
                0x08008aac      0x14c c:/arm/bin/../lib/gcc/arm-none-eabi/7.2.1/../../../../arm-none-eabi/lib/thumb/v7-m\libc.a(lib_a-strtoul.o)
 .text._strtoul_r
                0x08008bf8       0x24 c:/arm/bin/../lib/gcc/arm-none-eabi/7.2.1/../../../../arm-none-eabi/lib/thumb/v7-m\libc.a(lib_a-strtoul.o)
                0x08008bf8                _strtoul_r
 .text.strtoul_l
                0x08008c1c       0x20 c:/arm/bin/../lib/gcc/arm-none-eabi/7.2.1/../../../../arm-none-eabi/lib/thumb/v7-m\libc.a(lib_a-strtoul.o)
                0x08008c1c                strtoul_l
 .text.strtoul  0x08008c3c       0x2c c:/arm/bin/../lib/gcc/arm-none-eabi/7.2.1/../../../../arm-none-eabi/lib/thumb/v7-m\libc.a(lib_a-strtoul.o)
                0x08008c3c                strtoul
 .text.read     0x08008c68       0x18 c:/arm/bin/../lib/gcc/arm-none-eabi/7.2.1/../../../../arm-none-eabi/lib/thumb/v7-m\libc.a(lib_a-sysread.o)
                0x08008c68                read
 .text.write    0x08008c80       0x18 c:/arm/bin/../lib/gcc/arm-none-eabi/7.2.1/../../../../arm-none-eabi/lib/thumb/v7-m\libc.a(lib_a-syswrite.o)
                0x08008c80                write
 .text._write_r
                0x08008c98       0x2c c:/arm/bin/../lib/gcc/arm-none-eabi/7.2.1/../../../../arm-none-eabi/lib/thumb/v7-m\libc.a(lib_a-writer.o)
                0x08008c98                _write_r
 .text._close_r
                0x08008cc4       0x24 c:/arm/bin/../lib/gcc/arm-none-eabi/7.2.1/../../../../arm-none-eabi/lib/thumb/v7-m\libc.a(lib_a-closer.o)
                0x08008cc4                _close_r
 .text.__sflush_r
                0x08008ce8      0x154 c:/arm/bin/../lib/gcc/arm-none-eabi/7.2.1/../../../../arm-none-eabi/lib/thumb/v7-m\libc.a(lib_a-fflush.o)
                0x08008ce8                __sflush_r
 .text._fflush_r
                0x08008e3c       0x5c c:/arm/bin/../lib/gcc/arm-none-eabi/7.2.1/../../../../arm-none-eabi/lib/thumb/v7-m\libc.a(lib_a-fflush.o)
                0x08008e3c                _fflush_r
 .text.fflush   0x08008e98       0x24 c:/arm/bin/../lib/gcc/arm-none-eabi/7.2.1/../../../../arm-none-eabi/lib/thumb/v7-m\libc.a(lib_a-fflush.o)
                0x08008e98                fflush
 .text.std      0x08008ebc       0x50 c:/arm/bin/../lib/gcc/arm-none-eabi/7.2.1/../../../../arm-none-eabi/lib/thumb/v7-m\libc.a(lib_a-findfp.o)
 .text._cleanup_r
                0x08008f0c        0xc c:/arm/bin/../lib/gcc/arm-none-eabi/7.2.1/../../../../arm-none-eabi/lib/thumb/v7-m\libc.a(lib_a-findfp.o)
                0x08008f0c                _cleanup_r
 .text.__fp_lock
                0x08008f18       0x1c c:/arm/bin/../lib/gcc/arm-none-eabi/7.2.1/../../../../arm-none-eabi/lib/thumb/v7-m\libc.a(lib_a-findfp.o)
 .text.__fp_unlock
                0x08008f34       0x1c c:/arm/bin/../lib/gcc/arm-none-eabi/7.2.1/../../../../arm-none-eabi/lib/thumb/v7-m\libc.a(lib_a-findfp.o)
 .text.__sfmoreglue
                0x08008f50       0x30 c:/arm/bin/../lib/gcc/arm-none-eabi/7.2.1/../../../../arm-none-eabi/lib/thumb/v7-m\libc.a(lib_a-findfp.o)
                0x08008f50                __sfmoreglue
 .text._cleanup
                0x08008f80       0x14 c:/arm/bin/../lib/gcc/arm-none-eabi/7.2.1/../../../../arm-none-eabi/lib/thumb/v7-m\libc.a(lib_a-findfp.o)
                0x08008f80                _cleanup
 .text.__sinit  0x08008f94       0x60 c:/arm/bin/../lib/gcc/arm-none-eabi/7.2.1/../../../../arm-none-eabi/lib/thumb/v7-m\libc.a(lib_a-findfp.o)
                0x08008f94                __sinit
 .text.__sfp    0x08008ff4       0xa4 c:/arm/bin/../lib/gcc/arm-none-eabi/7.2.1/../../../../arm-none-eabi/lib/thumb/v7-m\libc.a(lib_a-findfp.o)
                0x08008ff4                __sfp
 .text.__sfp_lock_acquire
                0x08009098        0xc c:/arm/bin/../lib/gcc/arm-none-eabi/7.2.1/../../../../arm-none-eabi/lib/thumb/v7-m\libc.a(lib_a-findfp.o)
                0x08009098                __sfp_lock_acquire
 .text.__sfp_lock_release
                0x080090a4        0xc c:/arm/bin/../lib/gcc/arm-none-eabi/7.2.1/../../../../arm-none-eabi/lib/thumb/v7-m\libc.a(lib_a-findfp.o)
                0x080090a4                __sfp_lock_release
 .text.__sinit_lock_acquire
                0x080090b0        0xc c:/arm/bin/../lib/gcc/arm-none-eabi/7.2.1/../../../../arm-none-eabi/lib/thumb/v7-m\libc.a(lib_a-findfp.o)
                0x080090b0                __sinit_lock_acquire
 .text.__sinit_lock_release
                0x080090bc        0xc c:/arm/bin/../lib/gcc/arm-none-eabi/7.2.1/../../../../arm-none-eabi/lib/thumb/v7-m\libc.a(lib_a-findfp.o)
                0x080090bc                __sinit_lock_release
 .text.__fp_lock_all
                0x080090c8       0x24 c:/arm/bin/../lib/gcc/arm-none-eabi/7.2.1/../../../../arm-none-eabi/lib/thumb/v7-m\libc.a(lib_a-findfp.o)
                0x080090c8                __fp_lock_all
 .text.__fp_unlock_all
                0x080090ec       0x24 c:/arm/bin/../lib/gcc/arm-none-eabi/7.2.1/../../../../arm-none-eabi/lib/thumb/v7-m\libc.a(lib_a-findfp.o)
                0x080090ec                __fp_unlock_all
 .text.__sflags
                0x08009110       0x78 c:/arm/bin/../lib/gcc/arm-none-eabi/7.2.1/../../../../arm-none-eabi/lib/thumb/v7-m\libc.a(lib_a-flags.o)
                0x08009110                __sflags
 .text._malloc_trim_r
                0x08009188       0xa0 c:/arm/bin/../lib/gcc/arm-none-eabi/7.2.1/../../../../arm-none-eabi/lib/thumb/v7-m\libc.a(lib_a-freer.o)
                0x08009188                _malloc_trim_r
 .text._free_r  0x08009228      0x1e8 c:/arm/bin/../lib/gcc/arm-none-eabi/7.2.1/../../../../arm-none-eabi/lib/thumb/v7-m\libc.a(lib_a-freer.o)
                0x08009228                _free_r
 .text._fwalk   0x08009410       0x48 c:/arm/bin/../lib/gcc/arm-none-eabi/7.2.1/../../../../arm-none-eabi/lib/thumb/v7-m\libc.a(lib_a-fwalk.o)
                0x08009410                _fwalk
 .text._fwalk_reent
                0x08009458       0x50 c:/arm/bin/../lib/gcc/arm-none-eabi/7.2.1/../../../../arm-none-eabi/lib/thumb/v7-m\libc.a(lib_a-fwalk.o)
                0x08009458                _fwalk_reent
 .text._isatty_r
                0x080094a8       0x24 c:/arm/bin/../lib/gcc/arm-none-eabi/7.2.1/../../../../arm-none-eabi/lib/thumb/v7-m\libc.a(lib_a-isattyr.o)
                0x080094a8                _isatty_r
 .text._setlocale_r
                0x080094cc       0x40 c:/arm/bin/../lib/gcc/arm-none-eabi/7.2.1/../../../../arm-none-eabi/lib/thumb/v7-m\libc.a(lib_a-locale.o)
                0x080094cc                _setlocale_r
 .text.__locale_mb_cur_max
                0x0800950c       0x1c c:/arm/bin/../lib/gcc/arm-none-eabi/7.2.1/../../../../arm-none-eabi/lib/thumb/v7-m\libc.a(lib_a-locale.o)
                0x0800950c                __locale_mb_cur_max
 .text.__locale_ctype_ptr_l
                0x08009528        0x8 c:/arm/bin/../lib/gcc/arm-none-eabi/7.2.1/../../../../arm-none-eabi/lib/thumb/v7-m\libc.a(lib_a-locale.o)
                0x08009528                __locale_ctype_ptr_l
 .text.__locale_ctype_ptr
                0x08009530       0x1c c:/arm/bin/../lib/gcc/arm-none-eabi/7.2.1/../../../../arm-none-eabi/lib/thumb/v7-m\libc.a(lib_a-locale.o)
                0x08009530                __locale_ctype_ptr
 .text.setlocale
                0x0800954c       0x10 c:/arm/bin/../lib/gcc/arm-none-eabi/7.2.1/../../../../arm-none-eabi/lib/thumb/v7-m\libc.a(lib_a-locale.o)
                0x0800954c                setlocale
 .text._lseek_r
                0x0800955c       0x2c c:/arm/bin/../lib/gcc/arm-none-eabi/7.2.1/../../../../arm-none-eabi/lib/thumb/v7-m\libc.a(lib_a-lseekr.o)
                0x0800955c                _lseek_r
 .text._mbtowc_r
                0x08009588       0x24 c:/arm/bin/../lib/gcc/arm-none-eabi/7.2.1/../../../../arm-none-eabi/lib/thumb/v7-m\libc.a(lib_a-mbtowc_r.o)
                0x08009588                _mbtowc_r
 .text.__ascii_mbtowc
                0x080095ac       0x2c c:/arm/bin/../lib/gcc/arm-none-eabi/7.2.1/../../../../arm-none-eabi/lib/thumb/v7-m\libc.a(lib_a-mbtowc_r.o)
                0x080095ac                __ascii_mbtowc
 .text._read_r  0x080095d8       0x2c c:/arm/bin/../lib/gcc/arm-none-eabi/7.2.1/../../../../arm-none-eabi/lib/thumb/v7-m\libc.a(lib_a-readr.o)
                0x080095d8                _read_r
 .text._wctomb_r
                0x08009604       0x24 c:/arm/bin/../lib/gcc/arm-none-eabi/7.2.1/../../../../arm-none-eabi/lib/thumb/v7-m\libc.a(lib_a-wctomb_r.o)
                0x08009604                _wctomb_r
 .text.__ascii_wctomb
                0x08009628       0x18 c:/arm/bin/../lib/gcc/arm-none-eabi/7.2.1/../../../../arm-none-eabi/lib/thumb/v7-m\libc.a(lib_a-wctomb_r.o)
                0x08009628                __ascii_wctomb
 .text._fclose_r
                0x08009640       0xd0 c:/arm/bin/../lib/gcc/arm-none-eabi/7.2.1/../../../../arm-none-eabi/lib/thumb/v7-m\libc.a(lib_a-fclose.o)
                0x08009640                _fclose_r
 .text.fclose   0x08009710       0x10 c:/arm/bin/../lib/gcc/arm-none-eabi/7.2.1/../../../../arm-none-eabi/lib/thumb/v7-m\libc.a(lib_a-fclose.o)
                0x08009710                fclose
 *(.glue_7)
 .glue_7        0x08009720        0x0 linker stubs
 *(.glue_7t)
 .glue_7t       0x08009720        0x0 linker stubs
 *(.eh_frame)
 *(.init)
 *(.fini)
                0x08009720                . = ALIGN (0x4)
                0x08009720                _etext = .

.vfp11_veneer   0x08009720        0x0
 .vfp11_veneer  0x08009720        0x0 linker stubs

.v4_bx          0x08009720        0x0
 .v4_bx         0x08009720        0x0 linker stubs

.iplt           0x08009720        0x0
 .iplt          0x08009720        0x0 os_simple.o

.rodata         0x08009720      0x340
                0x08009720                . = ALIGN (0x4)
 *(.rodata)
 .rodata        0x08009720       0x13 system_hooks.o
 *fill*         0x08009733        0x1 
 .rodata        0x08009734      0x164 Os_Cfg.o
                0x08009734                OsTickFreq
                0x08009738                Os_AppConst
                0x08009760                Os_AlarmAutoStart_ALARM_ID_Alarm1
                0x08009778                Os_TaskConstList
 .rodata        0x08009898       0x18 EcuM_PBcfg.o
                0x08009898                EcuM_SleepModeConfig
                0x080098a4                EcuM_WakeupSourceConfig
 .rodata        0x080098b0       0x13 Mcu.o
 *fill*         0x080098c3        0x1 
 .rodata        0x080098c4       0x24 Mcu_Cfg.o
                0x080098c4                Mcu_ClockSettingConfigData
                0x080098d0                McuPerClockConfigData
                0x080098dc                McuConfigData
 .rodata        0x080098e8        0xe resource.o
 *fill*         0x080098f6        0x2 
 .rodata        0x080098f8       0x24 sys_tick.o
 .rodata        0x0800991c        0xb ramlog.o
 *fill*         0x08009927        0x1 
 .rodata        0x08009928        0x7 printf.o
 *fill*         0x0800992f        0x1 
 .rodata        0x08009930       0x11 xtoa.o
 *(.rodata*)
 *fill*         0x08009941        0x3 
 .rodata._global_impure_ptr
                0x08009944        0x4 c:/arm/bin/../lib/gcc/arm-none-eabi/7.2.1/../../../../arm-none-eabi/lib/thumb/v7-m\libc.a(lib_a-impure.o)
                0x08009944                _global_impure_ptr
 .rodata._setlocale_r.str1.4
                0x08009948        0xd c:/arm/bin/../lib/gcc/arm-none-eabi/7.2.1/../../../../arm-none-eabi/lib/thumb/v7-m\libc.a(lib_a-locale.o)
 *fill*         0x08009955        0x3 
 .rodata.str1.4
                0x08009958        0x4 c:/arm/bin/../lib/gcc/arm-none-eabi/7.2.1/../../../../arm-none-eabi/lib/thumb/v7-m\libc.a(lib_a-locale.o)
                                  0x2 (size before relaxing)
 .rodata._ctype_
                0x0800995c      0x101 c:/arm/bin/../lib/gcc/arm-none-eabi/7.2.1/../../../../arm-none-eabi/lib/thumb/v7-m\libc.a(lib_a-ctype_.o)
                0x0800995c                _ctype_
                0x08009a60                . = ALIGN (0x4)
 *fill*         0x08009a5d        0x3 

.rel.dyn        0x08009a60        0x0
 .rel.iplt      0x08009a60        0x0 os_simple.o

.ARM.extab      0x08009a60        0x0
                0x08009a60                . = ALIGN (0x4)
 *(.ARM.extab* .gnu.linkonce.armextab.*)
                0x08009a60                . = ALIGN (0x4)

.ARM            0x08009a60        0x0
                0x08009a60                . = ALIGN (0x4)
                0x08009a60                __exidx_start = .
 *(.ARM.exidx*)
                0x08009a60                __exidx_end = .
                0x08009a60                . = ALIGN (0x4)

.preinit_array  0x08009a60        0x0
                0x08009a60                . = ALIGN (0x4)
                [!provide]                PROVIDE (__preinit_array_start, .)
 *(.preinit_array*)
                [!provide]                PROVIDE (__preinit_array_end, .)
                0x08009a60                . = ALIGN (0x4)

.init_array     0x08009a60        0x0
                0x08009a60                . = ALIGN (0x4)
                [!provide]                PROVIDE (__init_array_start, .)
 *(SORT_BY_NAME(.init_array.*))
 *(.init_array*)
                [!provide]                PROVIDE (__init_array_end, .)
                0x08009a60                . = ALIGN (0x4)

.fini_array     0x08009a60        0x0
                0x08009a60                . = ALIGN (0x4)
                [!provide]                PROVIDE (__fini_array_start, .)
 *(SORT_BY_NAME(.fini_array.*))
 *(.fini_array*)
                [!provide]                PROVIDE (__fini_array_end, .)
                0x08009a60                . = ALIGN (0x4)
                0x08009a60                _sidata = LOADADDR (.data)

.data           0x20000000      0xafc load address 0x08009a60
                0x20000000                . = ALIGN (0x4)
                0x20000000                _sdata = .
 *(.data)
 .data          0x20000000        0x0 os_simple.o
 .data          0x20000000        0x0 system_hooks.o
 .data          0x20000000        0x0 core_cm3.o
 .data          0x20000000        0x0 startup_stm32f10x.o
 .data          0x20000000       0x14 stm32f10x_rcc.o
 .data          0x20000014       0x8c Os_Cfg.o
                0x20000014                counter_list
                0x2000004c                alarm_list
                0x20000088                os_conf_global_hooks
 .data          0x200000a0        0x0 EcuM.o
 .data          0x200000a0        0x0 EcuM_Main.o
 .data          0x200000a0       0x20 EcuM_PBcfg.o
                0x200000a0                EcuMConfig
 .data          0x200000c0        0x0 EcuM_Callout_Stubs.o
 .data          0x200000c0       0x1c Mcu.o
                0x200000c0                Mcu_Global
                0x200000d4                core_info_list
 .data          0x200000dc        0x0 Mcu_Cfg.o
 .data          0x200000dc        0x0 arch_krn.o
 .data          0x200000dc        0x0 event.o
 .data          0x200000dc       0x10 init.o
                0x200000dc                test_data
                0x200000e0                test_data_array
 .data          0x200000ec        0x0 arch.o
 .data          0x200000ec        0x0 task.o
 .data          0x200000ec        0x0 resource.o
 .data          0x200000ec        0x0 alarm.o
 .data          0x200000ec        0x0 sched_table.o
 .data          0x200000ec        0x2 counter.o
 .data          0x200000ee        0x0 sys_tick.o
 .data          0x200000ee        0x0 isr.o
 .data          0x200000ee        0x0 os_arctest.o
 .data          0x200000ee        0x0 application.o
 .data          0x200000ee        0x0 irq.o
 .data          0x200000ee        0x0 Det.o
 *fill*         0x200000ee        0x2 
 .data          0x200000f0       0x2c ramlog.o
                0x200000f0                Ramlog_Device
 .data          0x2000011c        0x0 cirq_buffer.o
 .data          0x2000011c       0x10 clib_port.o
                0x2000011c                deviceList
                0x20000120                fileList
 .data          0x2000012c       0x28 clib.o
                0x2000012c                stdFiles
                0x20000144                __Env
                0x20000150                _EnvPtr
 .data          0x20000154        0x0 printf.o
 .data          0x20000154        0x0 xtoa.o
 .data          0x20000154        0x0 c:/arm/bin/../lib/gcc/arm-none-eabi/7.2.1/../../../../arm-none-eabi/lib/thumb/v7-m\libc.a(lib_a-abort.o)
 .data          0x20000154        0x0 c:/arm/bin/../lib/gcc/arm-none-eabi/7.2.1/../../../../arm-none-eabi/lib/thumb/v7-m\libc.a(lib_a-fopen.o)
 .data          0x20000154        0x0 c:/arm/bin/../lib/gcc/arm-none-eabi/7.2.1/../../../../arm-none-eabi/lib/thumb/v7-m\libc.a(lib_a-fseek.o)
 .data          0x20000154        0x0 c:/arm/bin/../lib/gcc/arm-none-eabi/7.2.1/../../../../arm-none-eabi/lib/thumb/v7-m\libc.a(lib_a-fseeko.o)
 .data          0x20000154        0x0 c:/arm/bin/../lib/gcc/arm-none-eabi/7.2.1/../../../../arm-none-eabi/lib/thumb/v7-m\libc.a(lib_a-fstatr.o)
 .data          0x20000154        0x0 c:/arm/bin/../lib/gcc/arm-none-eabi/7.2.1/../../../../arm-none-eabi/lib/thumb/v7-m\libc.a(lib_a-impure.o)
 .data          0x20000154        0x0 c:/arm/bin/../lib/gcc/arm-none-eabi/7.2.1/../../../../arm-none-eabi/lib/thumb/v7-m\libc.a(lib_a-lock.o)
 .data          0x20000154        0x0 c:/arm/bin/../lib/gcc/arm-none-eabi/7.2.1/../../../../arm-none-eabi/lib/thumb/v7-m\libc.a(lib_a-makebuf.o)
 .data          0x20000154        0x0 c:/arm/bin/../lib/gcc/arm-none-eabi/7.2.1/../../../../arm-none-eabi/lib/thumb/v7-m\libc.a(lib_a-malloc.o)
 .data          0x20000154        0x0 c:/arm/bin/../lib/gcc/arm-none-eabi/7.2.1/../../../../arm-none-eabi/lib/thumb/v7-m\libc.a(lib_a-mallocr.o)
 .data          0x20000154        0x0 c:/arm/bin/../lib/gcc/arm-none-eabi/7.2.1/../../../../arm-none-eabi/lib/thumb/v7-m\libc.a(lib_a-memcpy.o)
 .data          0x20000154        0x0 c:/arm/bin/../lib/gcc/arm-none-eabi/7.2.1/../../../../arm-none-eabi/lib/thumb/v7-m\libc.a(lib_a-memset.o)
 .data          0x20000154        0x0 c:/arm/bin/../lib/gcc/arm-none-eabi/7.2.1/../../../../arm-none-eabi/lib/thumb/v7-m\libc.a(lib_a-mlock.o)
 .data          0x20000154        0x0 c:/arm/bin/../lib/gcc/arm-none-eabi/7.2.1/../../../../arm-none-eabi/lib/thumb/v7-m\libc.a(lib_a-openr.o)
 .data          0x20000154        0x0 c:/arm/bin/../lib/gcc/arm-none-eabi/7.2.1/../../../../arm-none-eabi/lib/thumb/v7-m\libc.a(lib_a-reent.o)
 .data          0x20000154        0x0 c:/arm/bin/../lib/gcc/arm-none-eabi/7.2.1/../../../../arm-none-eabi/lib/thumb/v7-m\libc.a(lib_a-refill.o)
 .data          0x20000154        0x0 c:/arm/bin/../lib/gcc/arm-none-eabi/7.2.1/../../../../arm-none-eabi/lib/thumb/v7-m\libc.a(lib_a-sbrkr.o)
 .data          0x20000154        0x0 c:/arm/bin/../lib/gcc/arm-none-eabi/7.2.1/../../../../arm-none-eabi/lib/thumb/v7-m\libc.a(lib_a-signal.o)
 .data          0x20000154        0x0 c:/arm/bin/../lib/gcc/arm-none-eabi/7.2.1/../../../../arm-none-eabi/lib/thumb/v7-m\libc.a(lib_a-signalr.o)
 .data          0x20000154        0x0 c:/arm/bin/../lib/gcc/arm-none-eabi/7.2.1/../../../../arm-none-eabi/lib/thumb/v7-m\libc.a(lib_a-stdio.o)
 .data          0x20000154        0x0 c:/arm/bin/../lib/gcc/arm-none-eabi/7.2.1/../../../../arm-none-eabi/lib/thumb/v7-m\libc.a(lib_a-strcmp.o)
 .data          0x20000154        0x0 c:/arm/bin/../lib/gcc/arm-none-eabi/7.2.1/../../../../arm-none-eabi/lib/thumb/v7-m\libc.a(lib_a-strcpy.o)
 .data          0x20000154        0x0 c:/arm/bin/../lib/gcc/arm-none-eabi/7.2.1/../../../../arm-none-eabi/lib/thumb/v7-m\libc.a(lib_a-strlen-stub.o)
 .data          0x20000154        0x0 c:/arm/bin/../lib/gcc/arm-none-eabi/7.2.1/../../../../arm-none-eabi/lib/thumb/v7-m\libc.a(lib_a-strncpy.o)
 .data          0x20000154        0x0 c:/arm/bin/../lib/gcc/arm-none-eabi/7.2.1/../../../../arm-none-eabi/lib/thumb/v7-m\libc.a(lib_a-strtoul.o)
 .data          0x20000154        0x0 c:/arm/bin/../lib/gcc/arm-none-eabi/7.2.1/../../../../arm-none-eabi/lib/thumb/v7-m\libc.a(lib_a-sysread.o)
 .data          0x20000154        0x0 c:/arm/bin/../lib/gcc/arm-none-eabi/7.2.1/../../../../arm-none-eabi/lib/thumb/v7-m\libc.a(lib_a-syswrite.o)
 .data          0x20000154        0x0 c:/arm/bin/../lib/gcc/arm-none-eabi/7.2.1/../../../../arm-none-eabi/lib/thumb/v7-m\libc.a(lib_a-writer.o)
 .data          0x20000154        0x0 c:/arm/bin/../lib/gcc/arm-none-eabi/7.2.1/../../../../arm-none-eabi/lib/thumb/v7-m\libc.a(lib_a-closer.o)
 .data          0x20000154        0x0 c:/arm/bin/../lib/gcc/arm-none-eabi/7.2.1/../../../../arm-none-eabi/lib/thumb/v7-m\libc.a(lib_a-fflush.o)
 .data          0x20000154        0x0 c:/arm/bin/../lib/gcc/arm-none-eabi/7.2.1/../../../../arm-none-eabi/lib/thumb/v7-m\libc.a(lib_a-findfp.o)
 .data          0x20000154        0x0 c:/arm/bin/../lib/gcc/arm-none-eabi/7.2.1/../../../../arm-none-eabi/lib/thumb/v7-m\libc.a(lib_a-flags.o)
 .data          0x20000154        0x0 c:/arm/bin/../lib/gcc/arm-none-eabi/7.2.1/../../../../arm-none-eabi/lib/thumb/v7-m\libc.a(lib_a-freer.o)
 .data          0x20000154        0x0 c:/arm/bin/../lib/gcc/arm-none-eabi/7.2.1/../../../../arm-none-eabi/lib/thumb/v7-m\libc.a(lib_a-fwalk.o)
 .data          0x20000154        0x0 c:/arm/bin/../lib/gcc/arm-none-eabi/7.2.1/../../../../arm-none-eabi/lib/thumb/v7-m\libc.a(lib_a-isattyr.o)
 .data          0x20000154        0x0 c:/arm/bin/../lib/gcc/arm-none-eabi/7.2.1/../../../../arm-none-eabi/lib/thumb/v7-m\libc.a(lib_a-locale.o)
 .data          0x20000154        0x0 c:/arm/bin/../lib/gcc/arm-none-eabi/7.2.1/../../../../arm-none-eabi/lib/thumb/v7-m\libc.a(lib_a-lseekr.o)
 .data          0x20000154        0x0 c:/arm/bin/../lib/gcc/arm-none-eabi/7.2.1/../../../../arm-none-eabi/lib/thumb/v7-m\libc.a(lib_a-mbtowc_r.o)
 .data          0x20000154        0x0 c:/arm/bin/../lib/gcc/arm-none-eabi/7.2.1/../../../../arm-none-eabi/lib/thumb/v7-m\libc.a(lib_a-readr.o)
 .data          0x20000154        0x0 c:/arm/bin/../lib/gcc/arm-none-eabi/7.2.1/../../../../arm-none-eabi/lib/thumb/v7-m\libc.a(lib_a-wctomb_r.o)
 .data          0x20000154        0x0 c:/arm/bin/../lib/gcc/arm-none-eabi/7.2.1/../../../../arm-none-eabi/lib/thumb/v7-m\libc.a(lib_a-ctype_.o)
 .data          0x20000154        0x0 c:/arm/bin/../lib/gcc/arm-none-eabi/7.2.1/../../../../arm-none-eabi/lib/thumb/v7-m\libc.a(lib_a-fclose.o)
 *(.data*)
 .data._impure_ptr
                0x20000154        0x4 c:/arm/bin/../lib/gcc/arm-none-eabi/7.2.1/../../../../arm-none-eabi/lib/thumb/v7-m\libc.a(lib_a-impure.o)
                0x20000154                _impure_ptr
 .data.impure_data
                0x20000158      0x428 c:/arm/bin/../lib/gcc/arm-none-eabi/7.2.1/../../../../arm-none-eabi/lib/thumb/v7-m\libc.a(lib_a-impure.o)
 .data.__malloc_av_
                0x20000580      0x408 c:/arm/bin/../lib/gcc/arm-none-eabi/7.2.1/../../../../arm-none-eabi/lib/thumb/v7-m\libc.a(lib_a-mallocr.o)
                0x20000580                __malloc_av_
 .data.__malloc_sbrk_base
                0x20000988        0x4 c:/arm/bin/../lib/gcc/arm-none-eabi/7.2.1/../../../../arm-none-eabi/lib/thumb/v7-m\libc.a(lib_a-mallocr.o)
                0x20000988                __malloc_sbrk_base
 .data.__malloc_trim_threshold
                0x2000098c        0x4 c:/arm/bin/../lib/gcc/arm-none-eabi/7.2.1/../../../../arm-none-eabi/lib/thumb/v7-m\libc.a(lib_a-mallocr.o)
                0x2000098c                __malloc_trim_threshold
 .data.__global_locale
                0x20000990      0x16c c:/arm/bin/../lib/gcc/arm-none-eabi/7.2.1/../../../../arm-none-eabi/lib/thumb/v7-m\libc.a(lib_a-locale.o)
                0x20000990                __global_locale
 *(.RamFunc)
 *(.RamFunc*)
                0x20000afc                . = ALIGN (0x4)
                0x20000afc                _edata = .

.igot.plt       0x20000afc        0x0 load address 0x0800a55c
 .igot.plt      0x20000afc        0x0 os_simple.o

.ramlog         0x20000afc      0x894 load address 0x0800a55c
 .ramlog        0x20000afc       0xc4 Det.o
                0x20000afc                Det_RamlogIndex
                0x20000b00                Det_RamLog
 .ramlog        0x20000bc0      0x7d0 ramlog.o
                0x20001390                . = ALIGN (0x4)

.bss            0x20001400     0x65c0 load address 0x0800adf0
                0x20001400                _sbss = .
                0x20001400                __bss_start__ = _sbss
 *(.bss)
 .bss           0x20001400        0x4 os_simple.o
 .bss           0x20001404       0x14 system_hooks.o
 .bss           0x20001418        0x0 core_cm3.o
 .bss           0x20001418        0x0 startup_stm32f10x.o
 .bss           0x20001418        0x0 stm32f10x_rcc.o
 .bss           0x20001418       0x42 Os_Cfg.o
                0x20001418                os_dbg_mask
                0x2000141c                Os_Arc_OsTickCounter
                0x20001420                Os_VectorToIsr
 .bss           0x2000145a        0x0 EcuM.o
 *fill*         0x2000145a        0x2 
 .bss           0x2000145c       0x14 EcuM_Main.o
 .bss           0x20001470        0x0 EcuM_PBcfg.o
 .bss           0x20001470        0x1 EcuM_Callout_Stubs.o
 .bss           0x20001471        0x0 Mcu.o
 .bss           0x20001471        0x0 Mcu_Cfg.o
 .bss           0x20001471        0x0 arch_krn.o
 .bss           0x20001471        0x0 event.o
 *fill*         0x20001471        0x3 
 .bss           0x20001474        0x8 init.o
                0x20001478                test_bss
 .bss           0x2000147c        0x0 arch.o
 .bss           0x2000147c        0x0 task.o
 .bss           0x2000147c        0x0 resource.o
 .bss           0x2000147c        0x0 alarm.o
 .bss           0x2000147c        0x0 sched_table.o
 .bss           0x2000147c        0x0 counter.o
 .bss           0x2000147c        0x0 sys_tick.o
 .bss           0x2000147c        0x0 isr.o
 .bss           0x2000147c        0x0 os_arctest.o
 .bss           0x2000147c        0x0 application.o
 .bss           0x2000147c        0x0 irq.o
 .bss           0x2000147c        0x1 Det.o
 *fill*         0x2000147d        0x3 
 .bss           0x20001480        0x8 ramlog.o
 .bss           0x20001488        0x0 cirq_buffer.o
 .bss           0x20001488        0x0 clib_port.o
 .bss           0x20001488        0x0 clib.o
 .bss           0x20001488        0x0 printf.o
 .bss           0x20001488        0x0 xtoa.o
 .bss           0x20001488        0x0 c:/arm/bin/../lib/gcc/arm-none-eabi/7.2.1/../../../../arm-none-eabi/lib/thumb/v7-m\libc.a(lib_a-abort.o)
 .bss           0x20001488        0x0 c:/arm/bin/../lib/gcc/arm-none-eabi/7.2.1/../../../../arm-none-eabi/lib/thumb/v7-m\libc.a(lib_a-fopen.o)
 .bss           0x20001488        0x0 c:/arm/bin/../lib/gcc/arm-none-eabi/7.2.1/../../../../arm-none-eabi/lib/thumb/v7-m\libc.a(lib_a-fseek.o)
 .bss           0x20001488        0x0 c:/arm/bin/../lib/gcc/arm-none-eabi/7.2.1/../../../../arm-none-eabi/lib/thumb/v7-m\libc.a(lib_a-fseeko.o)
 .bss           0x20001488        0x0 c:/arm/bin/../lib/gcc/arm-none-eabi/7.2.1/../../../../arm-none-eabi/lib/thumb/v7-m\libc.a(lib_a-fstatr.o)
 .bss           0x20001488        0x0 c:/arm/bin/../lib/gcc/arm-none-eabi/7.2.1/../../../../arm-none-eabi/lib/thumb/v7-m\libc.a(lib_a-impure.o)
 .bss           0x20001488        0x0 c:/arm/bin/../lib/gcc/arm-none-eabi/7.2.1/../../../../arm-none-eabi/lib/thumb/v7-m\libc.a(lib_a-lock.o)
 .bss           0x20001488        0x0 c:/arm/bin/../lib/gcc/arm-none-eabi/7.2.1/../../../../arm-none-eabi/lib/thumb/v7-m\libc.a(lib_a-makebuf.o)
 .bss           0x20001488        0x0 c:/arm/bin/../lib/gcc/arm-none-eabi/7.2.1/../../../../arm-none-eabi/lib/thumb/v7-m\libc.a(lib_a-malloc.o)
 .bss           0x20001488        0x0 c:/arm/bin/../lib/gcc/arm-none-eabi/7.2.1/../../../../arm-none-eabi/lib/thumb/v7-m\libc.a(lib_a-mallocr.o)
 .bss           0x20001488        0x0 c:/arm/bin/../lib/gcc/arm-none-eabi/7.2.1/../../../../arm-none-eabi/lib/thumb/v7-m\libc.a(lib_a-memcpy.o)
 .bss           0x20001488        0x0 c:/arm/bin/../lib/gcc/arm-none-eabi/7.2.1/../../../../arm-none-eabi/lib/thumb/v7-m\libc.a(lib_a-memset.o)
 .bss           0x20001488        0x0 c:/arm/bin/../lib/gcc/arm-none-eabi/7.2.1/../../../../arm-none-eabi/lib/thumb/v7-m\libc.a(lib_a-mlock.o)
 .bss           0x20001488        0x0 c:/arm/bin/../lib/gcc/arm-none-eabi/7.2.1/../../../../arm-none-eabi/lib/thumb/v7-m\libc.a(lib_a-openr.o)
 .bss           0x20001488        0x0 c:/arm/bin/../lib/gcc/arm-none-eabi/7.2.1/../../../../arm-none-eabi/lib/thumb/v7-m\libc.a(lib_a-reent.o)
 .bss           0x20001488        0x0 c:/arm/bin/../lib/gcc/arm-none-eabi/7.2.1/../../../../arm-none-eabi/lib/thumb/v7-m\libc.a(lib_a-refill.o)
 .bss           0x20001488        0x0 c:/arm/bin/../lib/gcc/arm-none-eabi/7.2.1/../../../../arm-none-eabi/lib/thumb/v7-m\libc.a(lib_a-sbrkr.o)
 .bss           0x20001488        0x0 c:/arm/bin/../lib/gcc/arm-none-eabi/7.2.1/../../../../arm-none-eabi/lib/thumb/v7-m\libc.a(lib_a-signal.o)
 .bss           0x20001488        0x0 c:/arm/bin/../lib/gcc/arm-none-eabi/7.2.1/../../../../arm-none-eabi/lib/thumb/v7-m\libc.a(lib_a-signalr.o)
 .bss           0x20001488        0x0 c:/arm/bin/../lib/gcc/arm-none-eabi/7.2.1/../../../../arm-none-eabi/lib/thumb/v7-m\libc.a(lib_a-stdio.o)
 .bss           0x20001488        0x0 c:/arm/bin/../lib/gcc/arm-none-eabi/7.2.1/../../../../arm-none-eabi/lib/thumb/v7-m\libc.a(lib_a-strcmp.o)
 .bss           0x20001488        0x0 c:/arm/bin/../lib/gcc/arm-none-eabi/7.2.1/../../../../arm-none-eabi/lib/thumb/v7-m\libc.a(lib_a-strcpy.o)
 .bss           0x20001488        0x0 c:/arm/bin/../lib/gcc/arm-none-eabi/7.2.1/../../../../arm-none-eabi/lib/thumb/v7-m\libc.a(lib_a-strlen-stub.o)
 .bss           0x20001488        0x0 c:/arm/bin/../lib/gcc/arm-none-eabi/7.2.1/../../../../arm-none-eabi/lib/thumb/v7-m\libc.a(lib_a-strncpy.o)
 .bss           0x20001488        0x0 c:/arm/bin/../lib/gcc/arm-none-eabi/7.2.1/../../../../arm-none-eabi/lib/thumb/v7-m\libc.a(lib_a-strtoul.o)